[0.529s] DEBUG:colcon:Command line arguments: ['/usr/bin/colcon', 'build', '--symlink-install', '--packages-select', 'doa_publisher_py']
[0.529s] DEBUG:colcon:Parsed command line arguments: Namespace(log_base=None, log_level=None, verb_name='build', build_base='build', install_base='install', merge_install=False, symlink_install=True, test_result_base=None, continue_on_error=False, executor='parallel', parallel_workers=4, event_handlers=None, ignore_user_meta=False, metas=['./colcon.meta'], base_paths=['.'], packages_ignore=None, packages_ignore_regex=None, paths=None, packages_up_to=None, packages_up_to_regex=None, packages_above=None, packages_above_and_dependencies=None, packages_above_depth=None, packages_select_by_dep=None, packages_skip_by_dep=None, packages_skip_up_to=None, packages_select_build_failed=False, packages_skip_build_finished=False, packages_select_test_failures=False, packages_skip_test_passed=False, packages_select=['doa_publisher_py'], packages_skip=None, packages_select_regex=None, packages_skip_regex=None, packages_start=None, packages_end=None, allow_overriding=[], cmake_args=None, cmake_target=None, cmake_target_skip_unavailable=False, cmake_clean_cache=False, cmake_clean_first=False, cmake_force_configure=False, ament_cmake_args=None, catkin_cmake_args=None, catkin_skip_building_tests=False, mixin_files=None, mixin=None, verb_parser=<colcon_mixin.mixin.mixin_argument.MixinArgumentDecorator object at 0xffffa55e2bf0>, verb_extension=<colcon_core.verb.build.BuildVerb object at 0xffffa57d8220>, main=<bound method BuildVerb.main of <colcon_core.verb.build.BuildVerb object at 0xffffa57d8220>>, mixin_verb=('build',))
[0.728s] Level 1:colcon.colcon_core.package_discovery:discover_packages(colcon_meta) check parameters
[0.729s] Level 1:colcon.colcon_core.package_discovery:discover_packages(recursive) check parameters
[0.729s] Level 1:colcon.colcon_core.package_discovery:discover_packages(ignore) check parameters
[0.729s] Level 1:colcon.colcon_core.package_discovery:discover_packages(path) check parameters
[0.729s] Level 1:colcon.colcon_core.package_discovery:discover_packages(colcon_meta) discover
[0.730s] Level 1:colcon.colcon_core.package_discovery:discover_packages(recursive) discover
[0.730s] INFO:colcon.colcon_core.package_discovery:Crawling recursively for packages in '/home/dev/ros2_ws/src/respeaker_deep_audio/src/doa_publisher_py'
[0.730s] Level 1:colcon.colcon_core.package_identification:_identify(.) by extensions ['ignore', 'ignore_ament_install']
[0.731s] Level 1:colcon.colcon_core.package_identification:_identify(.) by extension 'ignore'
[0.731s] Level 1:colcon.colcon_core.package_identification:_identify(.) by extension 'ignore_ament_install'
[0.732s] Level 1:colcon.colcon_core.package_identification:_identify(.) by extensions ['colcon_pkg']
[0.732s] Level 1:colcon.colcon_core.package_identification:_identify(.) by extension 'colcon_pkg'
[0.732s] Level 1:colcon.colcon_core.package_identification:_identify(.) by extensions ['colcon_meta']
[0.732s] Level 1:colcon.colcon_core.package_identification:_identify(.) by extension 'colcon_meta'
[0.732s] Level 1:colcon.colcon_core.package_identification:_identify(.) by extensions ['ros']
[0.732s] Level 1:colcon.colcon_core.package_identification:_identify(.) by extension 'ros'
[0.814s] DEBUG:colcon.colcon_core.package_identification:Package '.' with type 'ros.ament_python' and name 'doa_publisher_py'
[0.815s] Level 1:colcon.colcon_core.package_discovery:discover_packages(recursive) using defaults
[0.815s] Level 1:colcon.colcon_core.package_discovery:discover_packages(ignore) discover
[0.815s] Level 1:colcon.colcon_core.package_discovery:discover_packages(ignore) using defaults
[0.815s] Level 1:colcon.colcon_core.package_discovery:discover_packages(path) discover
[0.815s] Level 1:colcon.colcon_core.package_discovery:discover_packages(path) using defaults
[0.904s] Level 1:colcon.colcon_core.package_discovery:discover_packages(prefix_path) check parameters
[0.905s] Level 1:colcon.colcon_core.package_discovery:discover_packages(prefix_path) discover
[0.913s] DEBUG:colcon.colcon_installed_package_information.package_discovery:Found 1 installed packages in /home/dev/ros2_ws/install
[0.924s] DEBUG:colcon.colcon_installed_package_information.package_discovery:Found 271 installed packages in /opt/ros/humble
[0.931s] Level 1:colcon.colcon_core.package_discovery:discover_packages(prefix_path) using defaults
[1.123s] Level 5:colcon.colcon_core.verb:set package 'doa_publisher_py' build argument 'cmake_args' from command line to 'None'
[1.123s] Level 5:colcon.colcon_core.verb:set package 'doa_publisher_py' build argument 'cmake_target' from command line to 'None'
[1.123s] Level 5:colcon.colcon_core.verb:set package 'doa_publisher_py' build argument 'cmake_target_skip_unavailable' from command line to 'False'
[1.123s] Level 5:colcon.colcon_core.verb:set package 'doa_publisher_py' build argument 'cmake_clean_cache' from command line to 'False'
[1.123s] Level 5:colcon.colcon_core.verb:set package 'doa_publisher_py' build argument 'cmake_clean_first' from command line to 'False'
[1.124s] Level 5:colcon.colcon_core.verb:set package 'doa_publisher_py' build argument 'cmake_force_configure' from command line to 'False'
[1.124s] Level 5:colcon.colcon_core.verb:set package 'doa_publisher_py' build argument 'ament_cmake_args' from command line to 'None'
[1.124s] Level 5:colcon.colcon_core.verb:set package 'doa_publisher_py' build argument 'catkin_cmake_args' from command line to 'None'
[1.124s] Level 5:colcon.colcon_core.verb:set package 'doa_publisher_py' build argument 'catkin_skip_building_tests' from command line to 'False'
[1.124s] DEBUG:colcon.colcon_core.verb:Building package 'doa_publisher_py' with the following arguments: {'ament_cmake_args': None, 'build_base': '/home/dev/ros2_ws/src/respeaker_deep_audio/src/doa_publisher_py/build/doa_publisher_py', 'catkin_cmake_args': None, 'catkin_skip_building_tests': False, 'cmake_args': None, 'cmake_clean_cache': False, 'cmake_clean_first': False, 'cmake_force_configure': False, 'cmake_target': None, 'cmake_target_skip_unavailable': False, 'install_base': '/home/dev/ros2_ws/src/respeaker_deep_audio/src/doa_publisher_py/install/doa_publisher_py', 'merge_install': False, 'path': '/home/dev/ros2_ws/src/respeaker_deep_audio/src/doa_publisher_py', 'symlink_install': True, 'test_result_base': None}
[1.125s] INFO:colcon.colcon_core.executor:Executing jobs using 'parallel' executor
[1.128s] DEBUG:colcon.colcon_parallel_executor.executor.parallel:run_until_complete
[1.129s] INFO:colcon.colcon_ros.task.ament_python.build:Building ROS package in '/home/dev/ros2_ws/src/respeaker_deep_audio/src/doa_publisher_py' with build type 'ament_python'
[1.129s] Level 1:colcon.colcon_core.shell:create_environment_hook('doa_publisher_py', 'ament_prefix_path')
[1.140s] INFO:colcon.colcon_core.plugin_system:Skipping extension 'colcon_core.shell.bat': Not used on non-Windows systems
[1.141s] INFO:colcon.colcon_core.shell:Creating environment hook '/home/dev/ros2_ws/src/respeaker_deep_audio/src/doa_publisher_py/install/doa_publisher_py/share/doa_publisher_py/hook/ament_prefix_path.ps1'
[1.146s] INFO:colcon.colcon_core.shell:Creating environment descriptor '/home/dev/ros2_ws/src/respeaker_deep_audio/src/doa_publisher_py/install/doa_publisher_py/share/doa_publisher_py/hook/ament_prefix_path.dsv'
[1.149s] INFO:colcon.colcon_core.shell:Creating environment hook '/home/dev/ros2_ws/src/respeaker_deep_audio/src/doa_publisher_py/install/doa_publisher_py/share/doa_publisher_py/hook/ament_prefix_path.sh'
[1.153s] INFO:colcon.colcon_core.shell:Skip shell extension 'powershell' for command environment: Not usable outside of PowerShell
[1.153s] DEBUG:colcon.colcon_core.shell:Skip shell extension 'dsv' for command environment
[2.234s] INFO:colcon.colcon_core.task.python.build:Building Python package in '/home/dev/ros2_ws/src/respeaker_deep_audio/src/doa_publisher_py'
[2.235s] INFO:colcon.colcon_core.shell:Skip shell extension 'powershell' for command environment: Not usable outside of PowerShell
[2.235s] DEBUG:colcon.colcon_core.shell:Skip shell extension 'dsv' for command environment
[5.517s] DEBUG:colcon.colcon_core.event_handler.log_command:Invoking command in '/home/dev/ros2_ws/src/respeaker_deep_audio/src/doa_publisher_py/build/doa_publisher_py': PYTHONPATH=/home/dev/ros2_ws/src/respeaker_deep_audio/src/doa_publisher_py/build/doa_publisher_py/prefix_override:/usr/lib/python3/dist-packages/colcon_core/task/python/colcon_distutils_commands:/home/dev/ros2_ws/src/respeaker_deep_audio/src/doa_publisher_py/install/doa_publisher_py/lib/python3.10/site-packages:${PYTHONPATH} /usr/bin/python3 -W ignore:setup.py install is deprecated -W ignore:easy_install command is deprecated setup.py develop --editable --build-directory /home/dev/ros2_ws/src/respeaker_deep_audio/src/doa_publisher_py/build/doa_publisher_py/build --no-deps symlink_data
[6.670s] DEBUG:colcon.colcon_core.event_handler.log_command:Invoked command in '/home/dev/ros2_ws/src/respeaker_deep_audio/src/doa_publisher_py/build/doa_publisher_py' returned '1': PYTHONPATH=/home/dev/ros2_ws/src/respeaker_deep_audio/src/doa_publisher_py/build/doa_publisher_py/prefix_override:/usr/lib/python3/dist-packages/colcon_core/task/python/colcon_distutils_commands:/home/dev/ros2_ws/src/respeaker_deep_audio/src/doa_publisher_py/install/doa_publisher_py/lib/python3.10/site-packages:${PYTHONPATH} /usr/bin/python3 -W ignore:setup.py install is deprecated -W ignore:easy_install command is deprecated setup.py develop --editable --build-directory /home/dev/ros2_ws/src/respeaker_deep_audio/src/doa_publisher_py/build/doa_publisher_py/build --no-deps symlink_data
[6.679s] DEBUG:colcon.colcon_parallel_executor.executor.parallel:closing loop
[6.680s] DEBUG:colcon.colcon_parallel_executor.executor.parallel:loop closed
[6.680s] DEBUG:colcon.colcon_parallel_executor.executor.parallel:run_until_complete finished with '1'
[6.681s] DEBUG:colcon.colcon_core.event_reactor:joining thread
[6.706s] INFO:colcon.colcon_core.plugin_system:Skipping extension 'colcon_notification.desktop_notification.terminal_notifier': Not used on non-Darwin systems
[6.707s] INFO:colcon.colcon_core.plugin_system:Skipping extension 'colcon_notification.desktop_notification.win32': Not used on non-Windows systems
[6.707s] INFO:colcon.colcon_notification.desktop_notification:Sending desktop notification using 'notify2'
[6.754s] DEBUG:colcon.colcon_core.event_reactor:joined thread
[6.756s] INFO:colcon.colcon_core.shell:Creating prefix script '/home/dev/ros2_ws/src/respeaker_deep_audio/src/doa_publisher_py/install/local_setup.ps1'
[6.760s] INFO:colcon.colcon_core.shell:Creating prefix util module '/home/dev/ros2_ws/src/respeaker_deep_audio/src/doa_publisher_py/install/_local_setup_util_ps1.py'
[6.767s] INFO:colcon.colcon_core.shell:Creating prefix chain script '/home/dev/ros2_ws/src/respeaker_deep_audio/src/doa_publisher_py/install/setup.ps1'
[6.773s] INFO:colcon.colcon_core.shell:Creating prefix script '/home/dev/ros2_ws/src/respeaker_deep_audio/src/doa_publisher_py/install/local_setup.sh'
[6.776s] INFO:colcon.colcon_core.shell:Creating prefix util module '/home/dev/ros2_ws/src/respeaker_deep_audio/src/doa_publisher_py/install/_local_setup_util_sh.py'
[6.778s] INFO:colcon.colcon_core.shell:Creating prefix chain script '/home/dev/ros2_ws/src/respeaker_deep_audio/src/doa_publisher_py/install/setup.sh'
[6.783s] INFO:colcon.colcon_core.shell:Creating prefix script '/home/dev/ros2_ws/src/respeaker_deep_audio/src/doa_publisher_py/install/local_setup.bash'
[6.785s] INFO:colcon.colcon_core.shell:Creating prefix chain script '/home/dev/ros2_ws/src/respeaker_deep_audio/src/doa_publisher_py/install/setup.bash'
[6.789s] INFO:colcon.colcon_core.shell:Creating prefix script '/home/dev/ros2_ws/src/respeaker_deep_audio/src/doa_publisher_py/install/local_setup.zsh'
[6.792s] INFO:colcon.colcon_core.shell:Creating prefix chain script '/home/dev/ros2_ws/src/respeaker_deep_audio/src/doa_publisher_py/install/setup.zsh'
