[4.012s] Invoking command in '/home/dev/respeaker_deep_audio/build/doa_publisher_py': PYTHONPATH=/home/dev/respeaker_deep_audio/build/doa_publisher_py/prefix_override:/usr/lib/python3/dist-packages/colcon_core/task/python/colcon_distutils_commands:/home/dev/respeaker_deep_audio/install/doa_publisher_py/lib/python3.10/site-packages:${PYTHONPATH} /usr/bin/python3 -W ignore:setup.py install is deprecated -W ignore:easy_install command is deprecated setup.py develop --editable --build-directory /home/dev/respeaker_deep_audio/build/doa_publisher_py/build --no-deps symlink_data
[5.750s] running develop
[6.984s] running egg_info
[6.984s] creating doa_publisher_py.egg-info
[7.067s] writing doa_publisher_py.egg-info/PKG-INFO
[7.069s] writing dependency_links to doa_publisher_py.egg-info/dependency_links.txt
[7.070s] writing entry points to doa_publisher_py.egg-info/entry_points.txt
[7.071s] writing requirements to doa_publisher_py.egg-info/requires.txt
[7.072s] writing top-level names to doa_publisher_py.egg-info/top_level.txt
[7.073s] writing manifest file 'doa_publisher_py.egg-info/SOURCES.txt'
[7.240s] reading manifest file 'doa_publisher_py.egg-info/SOURCES.txt'
[7.243s] writing manifest file 'doa_publisher_py.egg-info/SOURCES.txt'
[7.332s] running build_ext
[7.332s] Creating /home/dev/respeaker_deep_audio/install/doa_publisher_py/lib/python3.10/site-packages/doa-publisher-py.egg-link (link to .)
[7.336s] Installing doa_node script to /home/dev/respeaker_deep_audio/install/doa_publisher_py/lib/doa_publisher_py
[7.337s] 
[7.338s] Installed /home/dev/respeaker_deep_audio/build/doa_publisher_py
[7.338s] running symlink_data
[7.339s] creating /home/dev/respeaker_deep_audio/install/doa_publisher_py/share/ament_index
[7.339s] creating /home/dev/respeaker_deep_audio/install/doa_publisher_py/share/ament_index/resource_index
[7.340s] creating /home/dev/respeaker_deep_audio/install/doa_publisher_py/share/ament_index/resource_index/packages
[7.340s] symbolically linking /home/dev/respeaker_deep_audio/build/doa_publisher_py/resource/doa_publisher_py -> /home/dev/respeaker_deep_audio/install/doa_publisher_py/share/ament_index/resource_index/packages
[7.341s] symbolically linking /home/dev/respeaker_deep_audio/build/doa_publisher_py/package.xml -> /home/dev/respeaker_deep_audio/install/doa_publisher_py/share/doa_publisher_py
[7.497s] Invoked command in '/home/dev/respeaker_deep_audio/build/doa_publisher_py' returned '0': PYTHONPATH=/home/dev/respeaker_deep_audio/build/doa_publisher_py/prefix_override:/usr/lib/python3/dist-packages/colcon_core/task/python/colcon_distutils_commands:/home/dev/respeaker_deep_audio/install/doa_publisher_py/lib/python3.10/site-packages:${PYTHONPATH} /usr/bin/python3 -W ignore:setup.py install is deprecated -W ignore:easy_install command is deprecated setup.py develop --editable --build-directory /home/dev/respeaker_deep_audio/build/doa_publisher_py/build --no-deps symlink_data
