[0.901s] DEBUG:colcon:Command line arguments: ['/usr/bin/colcon', 'build', '--packages-select', 'ei_whistle_cpp']
[0.901s] DEBUG:colcon:Parsed command line arguments: Namespace(log_base=None, log_level=None, verb_name='build', build_base='build', install_base='install', merge_install=False, symlink_install=False, test_result_base=None, continue_on_error=False, executor='parallel', parallel_workers=4, event_handlers=None, ignore_user_meta=False, metas=['./colcon.meta'], base_paths=['.'], packages_ignore=None, packages_ignore_regex=None, paths=None, packages_up_to=None, packages_up_to_regex=None, packages_above=None, packages_above_and_dependencies=None, packages_above_depth=None, packages_select_by_dep=None, packages_skip_by_dep=None, packages_skip_up_to=None, packages_select_build_failed=False, packages_skip_build_finished=False, packages_select_test_failures=False, packages_skip_test_passed=False, packages_select=['ei_whistle_cpp'], packages_skip=None, packages_select_regex=None, packages_skip_regex=None, packages_start=None, packages_end=None, allow_overriding=[], cmake_args=None, cmake_target=None, cmake_target_skip_unavailable=False, cmake_clean_cache=False, cmake_clean_first=False, cmake_force_configure=False, ament_cmake_args=None, catkin_cmake_args=None, catkin_skip_building_tests=False, mixin_files=None, mixin=None, verb_parser=<colcon_mixin.mixin.mixin_argument.MixinArgumentDecorator object at 0xffffa89c6c80>, verb_extension=<colcon_core.verb.build.BuildVerb object at 0xffffa8bb82b0>, main=<bound method BuildVerb.main of <colcon_core.verb.build.BuildVerb object at 0xffffa8bb82b0>>, mixin_verb=('build',))
[1.216s] Level 1:colcon.colcon_core.package_discovery:discover_packages(colcon_meta) check parameters
[1.217s] Level 1:colcon.colcon_core.package_discovery:discover_packages(recursive) check parameters
[1.217s] Level 1:colcon.colcon_core.package_discovery:discover_packages(ignore) check parameters
[1.217s] Level 1:colcon.colcon_core.package_discovery:discover_packages(path) check parameters
[1.217s] Level 1:colcon.colcon_core.package_discovery:discover_packages(colcon_meta) discover
[1.218s] Level 1:colcon.colcon_core.package_discovery:discover_packages(recursive) discover
[1.218s] INFO:colcon.colcon_core.package_discovery:Crawling recursively for packages in '/home/dev/respeaker_deep_audio'
[1.219s] Level 1:colcon.colcon_core.package_identification:_identify(.) by extensions ['ignore', 'ignore_ament_install']
[1.219s] Level 1:colcon.colcon_core.package_identification:_identify(.) by extension 'ignore'
[1.219s] Level 1:colcon.colcon_core.package_identification:_identify(.) by extension 'ignore_ament_install'
[1.220s] Level 1:colcon.colcon_core.package_identification:_identify(.) by extensions ['colcon_pkg']
[1.220s] Level 1:colcon.colcon_core.package_identification:_identify(.) by extension 'colcon_pkg'
[1.220s] Level 1:colcon.colcon_core.package_identification:_identify(.) by extensions ['colcon_meta']
[1.221s] Level 1:colcon.colcon_core.package_identification:_identify(.) by extension 'colcon_meta'
[1.221s] Level 1:colcon.colcon_core.package_identification:_identify(.) by extensions ['ros']
[1.221s] Level 1:colcon.colcon_core.package_identification:_identify(.) by extension 'ros'
[1.325s] Level 1:colcon.colcon_core.package_identification:_identify(.) by extensions ['cmake', 'python']
[1.326s] Level 1:colcon.colcon_core.package_identification:_identify(.) by extension 'cmake'
[1.326s] Level 1:colcon.colcon_core.package_identification:_identify(.) by extension 'python'
[1.326s] Level 1:colcon.colcon_core.package_identification:_identify(.) by extensions ['python_setup_py']
[1.326s] Level 1:colcon.colcon_core.package_identification:_identify(.) by extension 'python_setup_py'
[1.327s] Level 1:colcon.colcon_core.package_identification:_identify(build) by extensions ['ignore', 'ignore_ament_install']
[1.328s] Level 1:colcon.colcon_core.package_identification:_identify(build) by extension 'ignore'
[1.328s] Level 1:colcon.colcon_core.package_identification:_identify(build) ignored
[1.329s] Level 1:colcon.colcon_core.package_identification:_identify(install) by extensions ['ignore', 'ignore_ament_install']
[1.329s] Level 1:colcon.colcon_core.package_identification:_identify(install) by extension 'ignore'
[1.329s] Level 1:colcon.colcon_core.package_identification:_identify(install) ignored
[1.330s] Level 1:colcon.colcon_core.package_identification:_identify(log) by extensions ['ignore', 'ignore_ament_install']
[1.330s] Level 1:colcon.colcon_core.package_identification:_identify(log) by extension 'ignore'
[1.331s] Level 1:colcon.colcon_core.package_identification:_identify(log) ignored
[1.331s] Level 1:colcon.colcon_core.package_identification:_identify(src) by extensions ['ignore', 'ignore_ament_install']
[1.331s] Level 1:colcon.colcon_core.package_identification:_identify(src) by extension 'ignore'
[1.332s] Level 1:colcon.colcon_core.package_identification:_identify(src) by extension 'ignore_ament_install'
[1.332s] Level 1:colcon.colcon_core.package_identification:_identify(src) by extensions ['colcon_pkg']
[1.332s] Level 1:colcon.colcon_core.package_identification:_identify(src) by extension 'colcon_pkg'
[1.332s] Level 1:colcon.colcon_core.package_identification:_identify(src) by extensions ['colcon_meta']
[1.333s] Level 1:colcon.colcon_core.package_identification:_identify(src) by extension 'colcon_meta'
[1.333s] Level 1:colcon.colcon_core.package_identification:_identify(src) by extensions ['ros']
[1.333s] Level 1:colcon.colcon_core.package_identification:_identify(src) by extension 'ros'
[1.334s] Level 1:colcon.colcon_core.package_identification:_identify(src) by extensions ['cmake', 'python']
[1.334s] Level 1:colcon.colcon_core.package_identification:_identify(src) by extension 'cmake'
[1.334s] Level 1:colcon.colcon_core.package_identification:_identify(src) by extension 'python'
[1.334s] Level 1:colcon.colcon_core.package_identification:_identify(src) by extensions ['python_setup_py']
[1.334s] Level 1:colcon.colcon_core.package_identification:_identify(src) by extension 'python_setup_py'
[1.335s] Level 1:colcon.colcon_core.package_identification:_identify(src/doa_publisher_py) by extensions ['ignore', 'ignore_ament_install']
[1.335s] Level 1:colcon.colcon_core.package_identification:_identify(src/doa_publisher_py) by extension 'ignore'
[1.336s] Level 1:colcon.colcon_core.package_identification:_identify(src/doa_publisher_py) by extension 'ignore_ament_install'
[1.336s] Level 1:colcon.colcon_core.package_identification:_identify(src/doa_publisher_py) by extensions ['colcon_pkg']
[1.336s] Level 1:colcon.colcon_core.package_identification:_identify(src/doa_publisher_py) by extension 'colcon_pkg'
[1.337s] Level 1:colcon.colcon_core.package_identification:_identify(src/doa_publisher_py) by extensions ['colcon_meta']
[1.337s] Level 1:colcon.colcon_core.package_identification:_identify(src/doa_publisher_py) by extension 'colcon_meta'
[1.337s] Level 1:colcon.colcon_core.package_identification:_identify(src/doa_publisher_py) by extensions ['ros']
[1.337s] Level 1:colcon.colcon_core.package_identification:_identify(src/doa_publisher_py) by extension 'ros'
[1.356s] DEBUG:colcon.colcon_core.package_identification:Package 'src/doa_publisher_py' with type 'ros.ament_python' and name 'doa_publisher_py'
[1.357s] Level 1:colcon.colcon_core.package_identification:_identify(src/ei_whistle_cpp) by extensions ['ignore', 'ignore_ament_install']
[1.358s] Level 1:colcon.colcon_core.package_identification:_identify(src/ei_whistle_cpp) by extension 'ignore'
[1.359s] Level 1:colcon.colcon_core.package_identification:_identify(src/ei_whistle_cpp) by extension 'ignore_ament_install'
[1.359s] Level 1:colcon.colcon_core.package_identification:_identify(src/ei_whistle_cpp) by extensions ['colcon_pkg']
[1.359s] Level 1:colcon.colcon_core.package_identification:_identify(src/ei_whistle_cpp) by extension 'colcon_pkg'
[1.359s] Level 1:colcon.colcon_core.package_identification:_identify(src/ei_whistle_cpp) by extensions ['colcon_meta']
[1.360s] Level 1:colcon.colcon_core.package_identification:_identify(src/ei_whistle_cpp) by extension 'colcon_meta'
[1.360s] Level 1:colcon.colcon_core.package_identification:_identify(src/ei_whistle_cpp) by extensions ['ros']
[1.360s] Level 1:colcon.colcon_core.package_identification:_identify(src/ei_whistle_cpp) by extension 'ros'
[1.364s] DEBUG:colcon.colcon_core.package_identification:Package 'src/ei_whistle_cpp' with type 'ros.catkin' and name 'ei_whistle_cpp'
[1.364s] Level 1:colcon.colcon_core.package_discovery:discover_packages(recursive) using defaults
[1.365s] Level 1:colcon.colcon_core.package_discovery:discover_packages(ignore) discover
[1.365s] Level 1:colcon.colcon_core.package_discovery:discover_packages(ignore) using defaults
[1.365s] Level 1:colcon.colcon_core.package_discovery:discover_packages(path) discover
[1.366s] Level 1:colcon.colcon_core.package_discovery:discover_packages(path) using defaults
[1.506s] INFO:colcon.colcon_core.package_selection:Skipping not selected package 'doa_publisher_py' in 'src/doa_publisher_py'
[1.510s] Level 1:colcon.colcon_core.package_discovery:discover_packages(prefix_path) check parameters
[1.510s] Level 1:colcon.colcon_core.package_discovery:discover_packages(prefix_path) discover
[1.526s] DEBUG:colcon.colcon_installed_package_information.package_discovery:Found 1 installed packages in /home/dev/respeaker_deep_audio/install
[1.540s] DEBUG:colcon.colcon_installed_package_information.package_discovery:Found 271 installed packages in /opt/ros/humble
[1.548s] Level 1:colcon.colcon_core.package_discovery:discover_packages(prefix_path) using defaults
[1.902s] Level 5:colcon.colcon_core.verb:set package 'ei_whistle_cpp' build argument 'cmake_args' from command line to 'None'
[1.903s] Level 5:colcon.colcon_core.verb:set package 'ei_whistle_cpp' build argument 'cmake_target' from command line to 'None'
[1.903s] Level 5:colcon.colcon_core.verb:set package 'ei_whistle_cpp' build argument 'cmake_target_skip_unavailable' from command line to 'False'
[1.903s] Level 5:colcon.colcon_core.verb:set package 'ei_whistle_cpp' build argument 'cmake_clean_cache' from command line to 'False'
[1.903s] Level 5:colcon.colcon_core.verb:set package 'ei_whistle_cpp' build argument 'cmake_clean_first' from command line to 'False'
[1.903s] Level 5:colcon.colcon_core.verb:set package 'ei_whistle_cpp' build argument 'cmake_force_configure' from command line to 'False'
[1.903s] Level 5:colcon.colcon_core.verb:set package 'ei_whistle_cpp' build argument 'ament_cmake_args' from command line to 'None'
[1.903s] Level 5:colcon.colcon_core.verb:set package 'ei_whistle_cpp' build argument 'catkin_cmake_args' from command line to 'None'
[1.904s] Level 5:colcon.colcon_core.verb:set package 'ei_whistle_cpp' build argument 'catkin_skip_building_tests' from command line to 'False'
[1.904s] DEBUG:colcon.colcon_core.verb:Building package 'ei_whistle_cpp' with the following arguments: {'ament_cmake_args': None, 'build_base': '/home/dev/respeaker_deep_audio/build/ei_whistle_cpp', 'catkin_cmake_args': None, 'catkin_skip_building_tests': False, 'cmake_args': None, 'cmake_clean_cache': False, 'cmake_clean_first': False, 'cmake_force_configure': False, 'cmake_target': None, 'cmake_target_skip_unavailable': False, 'install_base': '/home/dev/respeaker_deep_audio/install/ei_whistle_cpp', 'merge_install': False, 'path': '/home/dev/respeaker_deep_audio/src/ei_whistle_cpp', 'symlink_install': False, 'test_result_base': None}
[1.904s] INFO:colcon.colcon_core.executor:Executing jobs using 'parallel' executor
[1.908s] DEBUG:colcon.colcon_parallel_executor.executor.parallel:run_until_complete
[1.909s] INFO:colcon.colcon_ros.task.catkin.build:Building ROS package in '/home/dev/respeaker_deep_audio/src/ei_whistle_cpp' with build type 'catkin'
[1.910s] INFO:colcon.colcon_cmake.task.cmake.build:Building CMake package in '/home/dev/respeaker_deep_audio/src/ei_whistle_cpp'
[1.930s] INFO:colcon.colcon_core.plugin_system:Skipping extension 'colcon_core.shell.bat': Not used on non-Windows systems
[1.931s] INFO:colcon.colcon_core.shell:Skip shell extension 'powershell' for command environment: Not usable outside of PowerShell
[1.931s] DEBUG:colcon.colcon_core.shell:Skip shell extension 'dsv' for command environment
[1.982s] DEBUG:colcon.colcon_core.event_handler.log_command:Invoking command in '/home/dev/respeaker_deep_audio/build/ei_whistle_cpp': /usr/bin/cmake --build /home/dev/respeaker_deep_audio/build/ei_whistle_cpp -- -j4 -l4
[408.302s] DEBUG:colcon.colcon_core.event_handler.log_command:Invoked command in '/home/dev/respeaker_deep_audio/build/ei_whistle_cpp' returned '0': /usr/bin/cmake --build /home/dev/respeaker_deep_audio/build/ei_whistle_cpp -- -j4 -l4
[408.355s] DEBUG:colcon.colcon_core.event_handler.log_command:Invoking command in '/home/dev/respeaker_deep_audio/build/ei_whistle_cpp': /usr/bin/cmake --install /home/dev/respeaker_deep_audio/build/ei_whistle_cpp
[408.443s] DEBUG:colcon.colcon_core.event_handler.log_command:Invoked command in '/home/dev/respeaker_deep_audio/build/ei_whistle_cpp' returned '0': /usr/bin/cmake --install /home/dev/respeaker_deep_audio/build/ei_whistle_cpp
[408.444s] Level 1:colcon.colcon_core.shell:create_environment_hook('ei_whistle_cpp', 'ros_package_path')
[408.446s] INFO:colcon.colcon_core.shell:Creating environment hook '/home/dev/respeaker_deep_audio/install/ei_whistle_cpp/share/ei_whistle_cpp/hook/ros_package_path.ps1'
[408.449s] INFO:colcon.colcon_core.shell:Creating environment descriptor '/home/dev/respeaker_deep_audio/install/ei_whistle_cpp/share/ei_whistle_cpp/hook/ros_package_path.dsv'
[408.452s] INFO:colcon.colcon_core.shell:Creating environment hook '/home/dev/respeaker_deep_audio/install/ei_whistle_cpp/share/ei_whistle_cpp/hook/ros_package_path.sh'
[408.456s] Level 1:colcon.colcon_core.shell:create_environment_hook('ei_whistle_cpp', 'pkg_config_path')
[408.458s] INFO:colcon.colcon_core.shell:Creating environment hook '/home/dev/respeaker_deep_audio/install/ei_whistle_cpp/share/ei_whistle_cpp/hook/pkg_config_path.ps1'
[408.460s] INFO:colcon.colcon_core.shell:Creating environment descriptor '/home/dev/respeaker_deep_audio/install/ei_whistle_cpp/share/ei_whistle_cpp/hook/pkg_config_path.dsv'
[408.463s] INFO:colcon.colcon_core.shell:Creating environment hook '/home/dev/respeaker_deep_audio/install/ei_whistle_cpp/share/ei_whistle_cpp/hook/pkg_config_path.sh'
[408.485s] Level 1:colcon.colcon_core.shell:create_environment_hook('ei_whistle_cpp', 'pkg_config_path_multiarch')
[408.486s] INFO:colcon.colcon_core.shell:Creating environment hook '/home/dev/respeaker_deep_audio/install/ei_whistle_cpp/share/ei_whistle_cpp/hook/pkg_config_path_multiarch.ps1'
[408.489s] INFO:colcon.colcon_core.shell:Creating environment descriptor '/home/dev/respeaker_deep_audio/install/ei_whistle_cpp/share/ei_whistle_cpp/hook/pkg_config_path_multiarch.dsv'
[408.491s] INFO:colcon.colcon_core.shell:Creating environment hook '/home/dev/respeaker_deep_audio/install/ei_whistle_cpp/share/ei_whistle_cpp/hook/pkg_config_path_multiarch.sh'
[408.497s] Level 1:colcon.colcon_core.environment:create_environment_scripts_only(ei_whistle_cpp)
[408.519s] Level 1:colcon.colcon_core.environment:checking '/home/dev/respeaker_deep_audio/install/ei_whistle_cpp' for CMake module files
[408.524s] Level 1:colcon.colcon_core.environment:checking '/home/dev/respeaker_deep_audio/install/ei_whistle_cpp' for CMake config files
[408.527s] Level 1:colcon.colcon_core.shell:create_environment_hook('ei_whistle_cpp', 'cmake_prefix_path')
[408.528s] INFO:colcon.colcon_core.shell:Creating environment hook '/home/dev/respeaker_deep_audio/install/ei_whistle_cpp/share/ei_whistle_cpp/hook/cmake_prefix_path.ps1'
[408.531s] INFO:colcon.colcon_core.shell:Creating environment descriptor '/home/dev/respeaker_deep_audio/install/ei_whistle_cpp/share/ei_whistle_cpp/hook/cmake_prefix_path.dsv'
[408.534s] INFO:colcon.colcon_core.shell:Creating environment hook '/home/dev/respeaker_deep_audio/install/ei_whistle_cpp/share/ei_whistle_cpp/hook/cmake_prefix_path.sh'
[408.539s] Level 1:colcon.colcon_core.environment:checking '/home/dev/respeaker_deep_audio/install/ei_whistle_cpp/lib'
[408.540s] Level 1:colcon.colcon_core.environment:checking '/home/dev/respeaker_deep_audio/install/ei_whistle_cpp/bin'
[408.540s] Level 1:colcon.colcon_core.environment:checking '/home/dev/respeaker_deep_audio/install/ei_whistle_cpp/lib/pkgconfig/ei_whistle_cpp.pc'
[408.542s] Level 1:colcon.colcon_core.environment:checking '/home/dev/respeaker_deep_audio/install/ei_whistle_cpp/lib/python3.10/site-packages'
[408.544s] Level 1:colcon.colcon_core.environment:checking '/home/dev/respeaker_deep_audio/install/ei_whistle_cpp/bin'
[408.546s] INFO:colcon.colcon_core.shell:Creating package script '/home/dev/respeaker_deep_audio/install/ei_whistle_cpp/share/ei_whistle_cpp/package.ps1'
[408.552s] INFO:colcon.colcon_core.shell:Creating package descriptor '/home/dev/respeaker_deep_audio/install/ei_whistle_cpp/share/ei_whistle_cpp/package.dsv'
[408.557s] INFO:colcon.colcon_core.shell:Creating package script '/home/dev/respeaker_deep_audio/install/ei_whistle_cpp/share/ei_whistle_cpp/package.sh'
[408.563s] INFO:colcon.colcon_core.shell:Creating package script '/home/dev/respeaker_deep_audio/install/ei_whistle_cpp/share/ei_whistle_cpp/package.bash'
[408.569s] INFO:colcon.colcon_core.shell:Creating package script '/home/dev/respeaker_deep_audio/install/ei_whistle_cpp/share/ei_whistle_cpp/package.zsh'
[408.575s] Level 1:colcon.colcon_core.environment:create_file_with_runtime_dependencies(/home/dev/respeaker_deep_audio/install/ei_whistle_cpp/share/colcon-core/packages/ei_whistle_cpp)
[408.578s] DEBUG:colcon.colcon_parallel_executor.executor.parallel:closing loop
[408.579s] DEBUG:colcon.colcon_parallel_executor.executor.parallel:loop closed
[408.580s] DEBUG:colcon.colcon_parallel_executor.executor.parallel:run_until_complete finished with '0'
[408.580s] DEBUG:colcon.colcon_core.event_reactor:joining thread
[408.614s] INFO:colcon.colcon_core.plugin_system:Skipping extension 'colcon_notification.desktop_notification.terminal_notifier': Not used on non-Darwin systems
[408.614s] INFO:colcon.colcon_core.plugin_system:Skipping extension 'colcon_notification.desktop_notification.win32': Not used on non-Windows systems
[408.615s] INFO:colcon.colcon_notification.desktop_notification:Sending desktop notification using 'notify2'
[408.685s] DEBUG:colcon.colcon_core.event_reactor:joined thread
[408.688s] INFO:colcon.colcon_core.shell:Creating prefix script '/home/dev/respeaker_deep_audio/install/local_setup.ps1'
[408.694s] INFO:colcon.colcon_core.shell:Creating prefix util module '/home/dev/respeaker_deep_audio/install/_local_setup_util_ps1.py'
[408.705s] INFO:colcon.colcon_core.shell:Creating prefix chain script '/home/dev/respeaker_deep_audio/install/setup.ps1'
[408.712s] INFO:colcon.colcon_core.shell:Creating prefix script '/home/dev/respeaker_deep_audio/install/local_setup.sh'
[408.718s] INFO:colcon.colcon_core.shell:Creating prefix util module '/home/dev/respeaker_deep_audio/install/_local_setup_util_sh.py'
[408.722s] INFO:colcon.colcon_core.shell:Creating prefix chain script '/home/dev/respeaker_deep_audio/install/setup.sh'
[408.729s] INFO:colcon.colcon_core.shell:Creating prefix script '/home/dev/respeaker_deep_audio/install/local_setup.bash'
[408.733s] INFO:colcon.colcon_core.shell:Creating prefix chain script '/home/dev/respeaker_deep_audio/install/setup.bash'
[408.740s] INFO:colcon.colcon_core.shell:Creating prefix script '/home/dev/respeaker_deep_audio/install/local_setup.zsh'
[408.745s] INFO:colcon.colcon_core.shell:Creating prefix chain script '/home/dev/respeaker_deep_audio/install/setup.zsh'
