[0.555s] DEBUG:colcon:Command line arguments: ['/usr/bin/colcon', 'build', '--packages-select', 'ei_whistle_cpp']
[0.555s] DEBUG:colcon:Parsed command line arguments: Namespace(log_base=None, log_level=None, verb_name='build', build_base='build', install_base='install', merge_install=False, symlink_install=False, test_result_base=None, continue_on_error=False, executor='parallel', parallel_workers=4, event_handlers=None, ignore_user_meta=False, metas=['./colcon.meta'], base_paths=['.'], packages_ignore=None, packages_ignore_regex=None, paths=None, packages_up_to=None, packages_up_to_regex=None, packages_above=None, packages_above_and_dependencies=None, packages_above_depth=None, packages_select_by_dep=None, packages_skip_by_dep=None, packages_skip_up_to=None, packages_select_build_failed=False, packages_skip_build_finished=False, packages_select_test_failures=False, packages_skip_test_passed=False, packages_select=['ei_whistle_cpp'], packages_skip=None, packages_select_regex=None, packages_skip_regex=None, packages_start=None, packages_end=None, allow_overriding=[], cmake_args=None, cmake_target=None, cmake_target_skip_unavailable=False, cmake_clean_cache=False, cmake_clean_first=False, cmake_force_configure=False, ament_cmake_args=None, catkin_cmake_args=None, catkin_skip_building_tests=False, mixin_files=None, mixin=None, verb_parser=<colcon_mixin.mixin.mixin_argument.MixinArgumentDecorator object at 0xffff9cce6cb0>, verb_extension=<colcon_core.verb.build.BuildVerb object at 0xffff9ced82e0>, main=<bound method BuildVerb.main of <colcon_core.verb.build.BuildVerb object at 0xffff9ced82e0>>, mixin_verb=('build',))
[0.745s] Level 1:colcon.colcon_core.package_discovery:discover_packages(colcon_meta) check parameters
[0.745s] Level 1:colcon.colcon_core.package_discovery:discover_packages(recursive) check parameters
[0.745s] Level 1:colcon.colcon_core.package_discovery:discover_packages(ignore) check parameters
[0.746s] Level 1:colcon.colcon_core.package_discovery:discover_packages(path) check parameters
[0.746s] Level 1:colcon.colcon_core.package_discovery:discover_packages(colcon_meta) discover
[0.746s] Level 1:colcon.colcon_core.package_discovery:discover_packages(recursive) discover
[0.746s] INFO:colcon.colcon_core.package_discovery:Crawling recursively for packages in '/home/dev/respeaker_deep_audio'
[0.747s] Level 1:colcon.colcon_core.package_identification:_identify(.) by extensions ['ignore', 'ignore_ament_install']
[0.747s] Level 1:colcon.colcon_core.package_identification:_identify(.) by extension 'ignore'
[0.748s] Level 1:colcon.colcon_core.package_identification:_identify(.) by extension 'ignore_ament_install'
[0.748s] Level 1:colcon.colcon_core.package_identification:_identify(.) by extensions ['colcon_pkg']
[0.748s] Level 1:colcon.colcon_core.package_identification:_identify(.) by extension 'colcon_pkg'
[0.748s] Level 1:colcon.colcon_core.package_identification:_identify(.) by extensions ['colcon_meta']
[0.749s] Level 1:colcon.colcon_core.package_identification:_identify(.) by extension 'colcon_meta'
[0.749s] Level 1:colcon.colcon_core.package_identification:_identify(.) by extensions ['ros']
[0.749s] Level 1:colcon.colcon_core.package_identification:_identify(.) by extension 'ros'
[0.820s] Level 1:colcon.colcon_core.package_identification:_identify(.) by extensions ['cmake', 'python']
[0.821s] Level 1:colcon.colcon_core.package_identification:_identify(.) by extension 'cmake'
[0.821s] Level 1:colcon.colcon_core.package_identification:_identify(.) by extension 'python'
[0.821s] Level 1:colcon.colcon_core.package_identification:_identify(.) by extensions ['python_setup_py']
[0.821s] Level 1:colcon.colcon_core.package_identification:_identify(.) by extension 'python_setup_py'
[0.822s] Level 1:colcon.colcon_core.package_identification:_identify(build) by extensions ['ignore', 'ignore_ament_install']
[0.822s] Level 1:colcon.colcon_core.package_identification:_identify(build) by extension 'ignore'
[0.823s] Level 1:colcon.colcon_core.package_identification:_identify(build) ignored
[0.824s] Level 1:colcon.colcon_core.package_identification:_identify(install) by extensions ['ignore', 'ignore_ament_install']
[0.824s] Level 1:colcon.colcon_core.package_identification:_identify(install) by extension 'ignore'
[0.824s] Level 1:colcon.colcon_core.package_identification:_identify(install) ignored
[0.825s] Level 1:colcon.colcon_core.package_identification:_identify(log) by extensions ['ignore', 'ignore_ament_install']
[0.825s] Level 1:colcon.colcon_core.package_identification:_identify(log) by extension 'ignore'
[0.826s] Level 1:colcon.colcon_core.package_identification:_identify(log) ignored
[0.826s] Level 1:colcon.colcon_core.package_identification:_identify(src) by extensions ['ignore', 'ignore_ament_install']
[0.826s] Level 1:colcon.colcon_core.package_identification:_identify(src) by extension 'ignore'
[0.827s] Level 1:colcon.colcon_core.package_identification:_identify(src) by extension 'ignore_ament_install'
[0.827s] Level 1:colcon.colcon_core.package_identification:_identify(src) by extensions ['colcon_pkg']
[0.827s] Level 1:colcon.colcon_core.package_identification:_identify(src) by extension 'colcon_pkg'
[0.827s] Level 1:colcon.colcon_core.package_identification:_identify(src) by extensions ['colcon_meta']
[0.828s] Level 1:colcon.colcon_core.package_identification:_identify(src) by extension 'colcon_meta'
[0.828s] Level 1:colcon.colcon_core.package_identification:_identify(src) by extensions ['ros']
[0.828s] Level 1:colcon.colcon_core.package_identification:_identify(src) by extension 'ros'
[0.828s] Level 1:colcon.colcon_core.package_identification:_identify(src) by extensions ['cmake', 'python']
[0.829s] Level 1:colcon.colcon_core.package_identification:_identify(src) by extension 'cmake'
[0.829s] Level 1:colcon.colcon_core.package_identification:_identify(src) by extension 'python'
[0.829s] Level 1:colcon.colcon_core.package_identification:_identify(src) by extensions ['python_setup_py']
[0.829s] Level 1:colcon.colcon_core.package_identification:_identify(src) by extension 'python_setup_py'
[0.830s] Level 1:colcon.colcon_core.package_identification:_identify(src/doa_publisher_py) by extensions ['ignore', 'ignore_ament_install']
[0.830s] Level 1:colcon.colcon_core.package_identification:_identify(src/doa_publisher_py) by extension 'ignore'
[0.831s] Level 1:colcon.colcon_core.package_identification:_identify(src/doa_publisher_py) by extension 'ignore_ament_install'
[0.831s] Level 1:colcon.colcon_core.package_identification:_identify(src/doa_publisher_py) by extensions ['colcon_pkg']
[0.831s] Level 1:colcon.colcon_core.package_identification:_identify(src/doa_publisher_py) by extension 'colcon_pkg'
[0.831s] Level 1:colcon.colcon_core.package_identification:_identify(src/doa_publisher_py) by extensions ['colcon_meta']
[0.832s] Level 1:colcon.colcon_core.package_identification:_identify(src/doa_publisher_py) by extension 'colcon_meta'
[0.832s] Level 1:colcon.colcon_core.package_identification:_identify(src/doa_publisher_py) by extensions ['ros']
[0.832s] Level 1:colcon.colcon_core.package_identification:_identify(src/doa_publisher_py) by extension 'ros'
[0.842s] DEBUG:colcon.colcon_core.package_identification:Package 'src/doa_publisher_py' with type 'ros.ament_python' and name 'doa_publisher_py'
[0.843s] Level 1:colcon.colcon_core.package_identification:_identify(src/ei_whistle_cpp) by extensions ['ignore', 'ignore_ament_install']
[0.843s] Level 1:colcon.colcon_core.package_identification:_identify(src/ei_whistle_cpp) by extension 'ignore'
[0.844s] Level 1:colcon.colcon_core.package_identification:_identify(src/ei_whistle_cpp) by extension 'ignore_ament_install'
[0.844s] Level 1:colcon.colcon_core.package_identification:_identify(src/ei_whistle_cpp) by extensions ['colcon_pkg']
[0.844s] Level 1:colcon.colcon_core.package_identification:_identify(src/ei_whistle_cpp) by extension 'colcon_pkg'
[0.844s] Level 1:colcon.colcon_core.package_identification:_identify(src/ei_whistle_cpp) by extensions ['colcon_meta']
[0.845s] Level 1:colcon.colcon_core.package_identification:_identify(src/ei_whistle_cpp) by extension 'colcon_meta'
[0.845s] Level 1:colcon.colcon_core.package_identification:_identify(src/ei_whistle_cpp) by extensions ['ros']
[0.845s] Level 1:colcon.colcon_core.package_identification:_identify(src/ei_whistle_cpp) by extension 'ros'
[0.848s] DEBUG:colcon.colcon_core.package_identification:Package 'src/ei_whistle_cpp' with type 'ros.catkin' and name 'ei_whistle_cpp'
[0.848s] Level 1:colcon.colcon_core.package_discovery:discover_packages(recursive) using defaults
[0.848s] Level 1:colcon.colcon_core.package_discovery:discover_packages(ignore) discover
[0.849s] Level 1:colcon.colcon_core.package_discovery:discover_packages(ignore) using defaults
[0.849s] Level 1:colcon.colcon_core.package_discovery:discover_packages(path) discover
[0.849s] Level 1:colcon.colcon_core.package_discovery:discover_packages(path) using defaults
[0.940s] INFO:colcon.colcon_core.package_selection:Skipping not selected package 'doa_publisher_py' in 'src/doa_publisher_py'
[0.942s] Level 1:colcon.colcon_core.package_discovery:discover_packages(prefix_path) check parameters
[0.942s] Level 1:colcon.colcon_core.package_discovery:discover_packages(prefix_path) discover
[0.952s] DEBUG:colcon.colcon_installed_package_information.package_discovery:Found 1 installed packages in /home/dev/respeaker_deep_audio/install
[0.962s] DEBUG:colcon.colcon_installed_package_information.package_discovery:Found 271 installed packages in /opt/ros/humble
[0.969s] Level 1:colcon.colcon_core.package_discovery:discover_packages(prefix_path) using defaults
[1.167s] Level 5:colcon.colcon_core.verb:set package 'ei_whistle_cpp' build argument 'cmake_args' from command line to 'None'
[1.167s] Level 5:colcon.colcon_core.verb:set package 'ei_whistle_cpp' build argument 'cmake_target' from command line to 'None'
[1.167s] Level 5:colcon.colcon_core.verb:set package 'ei_whistle_cpp' build argument 'cmake_target_skip_unavailable' from command line to 'False'
[1.167s] Level 5:colcon.colcon_core.verb:set package 'ei_whistle_cpp' build argument 'cmake_clean_cache' from command line to 'False'
[1.167s] Level 5:colcon.colcon_core.verb:set package 'ei_whistle_cpp' build argument 'cmake_clean_first' from command line to 'False'
[1.168s] Level 5:colcon.colcon_core.verb:set package 'ei_whistle_cpp' build argument 'cmake_force_configure' from command line to 'False'
[1.168s] Level 5:colcon.colcon_core.verb:set package 'ei_whistle_cpp' build argument 'ament_cmake_args' from command line to 'None'
[1.168s] Level 5:colcon.colcon_core.verb:set package 'ei_whistle_cpp' build argument 'catkin_cmake_args' from command line to 'None'
[1.168s] Level 5:colcon.colcon_core.verb:set package 'ei_whistle_cpp' build argument 'catkin_skip_building_tests' from command line to 'False'
[1.168s] DEBUG:colcon.colcon_core.verb:Building package 'ei_whistle_cpp' with the following arguments: {'ament_cmake_args': None, 'build_base': '/home/dev/respeaker_deep_audio/build/ei_whistle_cpp', 'catkin_cmake_args': None, 'catkin_skip_building_tests': False, 'cmake_args': None, 'cmake_clean_cache': False, 'cmake_clean_first': False, 'cmake_force_configure': False, 'cmake_target': None, 'cmake_target_skip_unavailable': False, 'install_base': '/home/dev/respeaker_deep_audio/install/ei_whistle_cpp', 'merge_install': False, 'path': '/home/dev/respeaker_deep_audio/src/ei_whistle_cpp', 'symlink_install': False, 'test_result_base': None}
[1.169s] INFO:colcon.colcon_core.executor:Executing jobs using 'parallel' executor
[1.172s] DEBUG:colcon.colcon_parallel_executor.executor.parallel:run_until_complete
[1.173s] INFO:colcon.colcon_ros.task.catkin.build:Building ROS package in '/home/dev/respeaker_deep_audio/src/ei_whistle_cpp' with build type 'catkin'
[1.174s] INFO:colcon.colcon_cmake.task.cmake.build:Building CMake package in '/home/dev/respeaker_deep_audio/src/ei_whistle_cpp'
[1.186s] INFO:colcon.colcon_core.plugin_system:Skipping extension 'colcon_core.shell.bat': Not used on non-Windows systems
[1.187s] INFO:colcon.colcon_core.shell:Skip shell extension 'powershell' for command environment: Not usable outside of PowerShell
[1.187s] DEBUG:colcon.colcon_core.shell:Skip shell extension 'dsv' for command environment
[1.237s] DEBUG:colcon.colcon_core.event_handler.log_command:Invoking command in '/home/dev/respeaker_deep_audio/build/ei_whistle_cpp': /usr/bin/cmake --build /home/dev/respeaker_deep_audio/build/ei_whistle_cpp -- -j4 -l4
[577.118s] DEBUG:colcon.colcon_core.event_handler.log_command:Invoked command in '/home/dev/respeaker_deep_audio/build/ei_whistle_cpp' returned '0': /usr/bin/cmake --build /home/dev/respeaker_deep_audio/build/ei_whistle_cpp -- -j4 -l4
[577.170s] DEBUG:colcon.colcon_core.event_handler.log_command:Invoking command in '/home/dev/respeaker_deep_audio/build/ei_whistle_cpp': /usr/bin/cmake --install /home/dev/respeaker_deep_audio/build/ei_whistle_cpp
[577.300s] DEBUG:colcon.colcon_core.event_handler.log_command:Invoked command in '/home/dev/respeaker_deep_audio/build/ei_whistle_cpp' returned '0': /usr/bin/cmake --install /home/dev/respeaker_deep_audio/build/ei_whistle_cpp
[577.301s] Level 1:colcon.colcon_core.shell:create_environment_hook('ei_whistle_cpp', 'ros_package_path')
[577.303s] INFO:colcon.colcon_core.shell:Creating environment hook '/home/dev/respeaker_deep_audio/install/ei_whistle_cpp/share/ei_whistle_cpp/hook/ros_package_path.ps1'
[577.308s] INFO:colcon.colcon_core.shell:Creating environment descriptor '/home/dev/respeaker_deep_audio/install/ei_whistle_cpp/share/ei_whistle_cpp/hook/ros_package_path.dsv'
[577.312s] INFO:colcon.colcon_core.shell:Creating environment hook '/home/dev/respeaker_deep_audio/install/ei_whistle_cpp/share/ei_whistle_cpp/hook/ros_package_path.sh'
[577.317s] Level 1:colcon.colcon_core.shell:create_environment_hook('ei_whistle_cpp', 'pkg_config_path')
[577.319s] INFO:colcon.colcon_core.shell:Creating environment hook '/home/dev/respeaker_deep_audio/install/ei_whistle_cpp/share/ei_whistle_cpp/hook/pkg_config_path.ps1'
[577.321s] INFO:colcon.colcon_core.shell:Creating environment descriptor '/home/dev/respeaker_deep_audio/install/ei_whistle_cpp/share/ei_whistle_cpp/hook/pkg_config_path.dsv'
[577.324s] INFO:colcon.colcon_core.shell:Creating environment hook '/home/dev/respeaker_deep_audio/install/ei_whistle_cpp/share/ei_whistle_cpp/hook/pkg_config_path.sh'
[577.343s] Level 1:colcon.colcon_core.shell:create_environment_hook('ei_whistle_cpp', 'pkg_config_path_multiarch')
[577.344s] INFO:colcon.colcon_core.shell:Creating environment hook '/home/dev/respeaker_deep_audio/install/ei_whistle_cpp/share/ei_whistle_cpp/hook/pkg_config_path_multiarch.ps1'
[577.348s] INFO:colcon.colcon_core.shell:Creating environment descriptor '/home/dev/respeaker_deep_audio/install/ei_whistle_cpp/share/ei_whistle_cpp/hook/pkg_config_path_multiarch.dsv'
[577.351s] INFO:colcon.colcon_core.shell:Creating environment hook '/home/dev/respeaker_deep_audio/install/ei_whistle_cpp/share/ei_whistle_cpp/hook/pkg_config_path_multiarch.sh'
[577.358s] Level 1:colcon.colcon_core.environment:create_environment_scripts_only(ei_whistle_cpp)
[577.375s] Level 1:colcon.colcon_core.environment:checking '/home/dev/respeaker_deep_audio/install/ei_whistle_cpp' for CMake module files
[577.380s] Level 1:colcon.colcon_core.environment:checking '/home/dev/respeaker_deep_audio/install/ei_whistle_cpp' for CMake config files
[577.383s] Level 1:colcon.colcon_core.shell:create_environment_hook('ei_whistle_cpp', 'cmake_prefix_path')
[577.384s] INFO:colcon.colcon_core.shell:Creating environment hook '/home/dev/respeaker_deep_audio/install/ei_whistle_cpp/share/ei_whistle_cpp/hook/cmake_prefix_path.ps1'
[577.386s] INFO:colcon.colcon_core.shell:Creating environment descriptor '/home/dev/respeaker_deep_audio/install/ei_whistle_cpp/share/ei_whistle_cpp/hook/cmake_prefix_path.dsv'
[577.388s] INFO:colcon.colcon_core.shell:Creating environment hook '/home/dev/respeaker_deep_audio/install/ei_whistle_cpp/share/ei_whistle_cpp/hook/cmake_prefix_path.sh'
[577.392s] Level 1:colcon.colcon_core.environment:checking '/home/dev/respeaker_deep_audio/install/ei_whistle_cpp/lib'
[577.393s] Level 1:colcon.colcon_core.environment:checking '/home/dev/respeaker_deep_audio/install/ei_whistle_cpp/bin'
[577.393s] Level 1:colcon.colcon_core.environment:checking '/home/dev/respeaker_deep_audio/install/ei_whistle_cpp/lib/pkgconfig/ei_whistle_cpp.pc'
[577.395s] Level 1:colcon.colcon_core.environment:checking '/home/dev/respeaker_deep_audio/install/ei_whistle_cpp/lib/python3.10/site-packages'
[577.396s] Level 1:colcon.colcon_core.environment:checking '/home/dev/respeaker_deep_audio/install/ei_whistle_cpp/bin'
[577.399s] INFO:colcon.colcon_core.shell:Creating package script '/home/dev/respeaker_deep_audio/install/ei_whistle_cpp/share/ei_whistle_cpp/package.ps1'
[577.404s] INFO:colcon.colcon_core.shell:Creating package descriptor '/home/dev/respeaker_deep_audio/install/ei_whistle_cpp/share/ei_whistle_cpp/package.dsv'
[577.408s] INFO:colcon.colcon_core.shell:Creating package script '/home/dev/respeaker_deep_audio/install/ei_whistle_cpp/share/ei_whistle_cpp/package.sh'
[577.412s] INFO:colcon.colcon_core.shell:Creating package script '/home/dev/respeaker_deep_audio/install/ei_whistle_cpp/share/ei_whistle_cpp/package.bash'
[577.416s] INFO:colcon.colcon_core.shell:Creating package script '/home/dev/respeaker_deep_audio/install/ei_whistle_cpp/share/ei_whistle_cpp/package.zsh'
[577.419s] Level 1:colcon.colcon_core.environment:create_file_with_runtime_dependencies(/home/dev/respeaker_deep_audio/install/ei_whistle_cpp/share/colcon-core/packages/ei_whistle_cpp)
[577.422s] DEBUG:colcon.colcon_parallel_executor.executor.parallel:closing loop
[577.423s] DEBUG:colcon.colcon_parallel_executor.executor.parallel:loop closed
[577.424s] DEBUG:colcon.colcon_parallel_executor.executor.parallel:run_until_complete finished with '0'
[577.425s] DEBUG:colcon.colcon_core.event_reactor:joining thread
[577.460s] INFO:colcon.colcon_core.plugin_system:Skipping extension 'colcon_notification.desktop_notification.terminal_notifier': Not used on non-Darwin systems
[577.461s] INFO:colcon.colcon_core.plugin_system:Skipping extension 'colcon_notification.desktop_notification.win32': Not used on non-Windows systems
[577.461s] INFO:colcon.colcon_notification.desktop_notification:Sending desktop notification using 'notify2'
[577.529s] DEBUG:colcon.colcon_core.event_reactor:joined thread
[577.530s] INFO:colcon.colcon_core.shell:Creating prefix script '/home/dev/respeaker_deep_audio/install/local_setup.ps1'
[577.537s] INFO:colcon.colcon_core.shell:Creating prefix util module '/home/dev/respeaker_deep_audio/install/_local_setup_util_ps1.py'
[577.545s] INFO:colcon.colcon_core.shell:Creating prefix chain script '/home/dev/respeaker_deep_audio/install/setup.ps1'
[577.554s] INFO:colcon.colcon_core.shell:Creating prefix script '/home/dev/respeaker_deep_audio/install/local_setup.sh'
[577.558s] INFO:colcon.colcon_core.shell:Creating prefix util module '/home/dev/respeaker_deep_audio/install/_local_setup_util_sh.py'
[577.562s] INFO:colcon.colcon_core.shell:Creating prefix chain script '/home/dev/respeaker_deep_audio/install/setup.sh'
[577.569s] INFO:colcon.colcon_core.shell:Creating prefix script '/home/dev/respeaker_deep_audio/install/local_setup.bash'
[577.572s] INFO:colcon.colcon_core.shell:Creating prefix chain script '/home/dev/respeaker_deep_audio/install/setup.bash'
[577.578s] INFO:colcon.colcon_core.shell:Creating prefix script '/home/dev/respeaker_deep_audio/install/local_setup.zsh'
[577.581s] INFO:colcon.colcon_core.shell:Creating prefix chain script '/home/dev/respeaker_deep_audio/install/setup.zsh'
