[0.877s] DEBUG:colcon:Command line arguments: ['/usr/bin/colcon', 'build', '--symlink-install', '--packages-select', 'ei_whistle_cpp']
[0.877s] DEBUG:colcon:Parsed command line arguments: Namespace(log_base=None, log_level=None, verb_name='build', build_base='build', install_base='install', merge_install=False, symlink_install=True, test_result_base=None, continue_on_error=False, executor='parallel', parallel_workers=4, event_handlers=None, ignore_user_meta=False, metas=['./colcon.meta'], base_paths=['.'], packages_ignore=None, packages_ignore_regex=None, paths=None, packages_up_to=None, packages_up_to_regex=None, packages_above=None, packages_above_and_dependencies=None, packages_above_depth=None, packages_select_by_dep=None, packages_skip_by_dep=None, packages_skip_up_to=None, packages_select_build_failed=False, packages_skip_build_finished=False, packages_select_test_failures=False, packages_skip_test_passed=False, packages_select=['ei_whistle_cpp'], packages_skip=None, packages_select_regex=None, packages_skip_regex=None, packages_start=None, packages_end=None, allow_overriding=[], cmake_args=None, cmake_target=None, cmake_target_skip_unavailable=False, cmake_clean_cache=False, cmake_clean_first=False, cmake_force_configure=False, ament_cmake_args=None, catkin_cmake_args=None, catkin_skip_building_tests=False, mixin_files=None, mixin=None, verb_parser=<colcon_mixin.mixin.mixin_argument.MixinArgumentDecorator object at 0xffffb9752cb0>, verb_extension=<colcon_core.verb.build.BuildVerb object at 0xffffb99482e0>, main=<bound method BuildVerb.main of <colcon_core.verb.build.BuildVerb object at 0xffffb99482e0>>, mixin_verb=('build',))
[1.194s] Level 1:colcon.colcon_core.package_discovery:discover_packages(colcon_meta) check parameters
[1.195s] Level 1:colcon.colcon_core.package_discovery:discover_packages(recursive) check parameters
[1.195s] Level 1:colcon.colcon_core.package_discovery:discover_packages(ignore) check parameters
[1.195s] Level 1:colcon.colcon_core.package_discovery:discover_packages(path) check parameters
[1.195s] Level 1:colcon.colcon_core.package_discovery:discover_packages(colcon_meta) discover
[1.196s] Level 1:colcon.colcon_core.package_discovery:discover_packages(recursive) discover
[1.196s] INFO:colcon.colcon_core.package_discovery:Crawling recursively for packages in '/home/dev/respeaker_deep_audio'
[1.196s] Level 1:colcon.colcon_core.package_identification:_identify(.) by extensions ['ignore', 'ignore_ament_install']
[1.197s] Level 1:colcon.colcon_core.package_identification:_identify(.) by extension 'ignore'
[1.197s] Level 1:colcon.colcon_core.package_identification:_identify(.) by extension 'ignore_ament_install'
[1.198s] Level 1:colcon.colcon_core.package_identification:_identify(.) by extensions ['colcon_pkg']
[1.198s] Level 1:colcon.colcon_core.package_identification:_identify(.) by extension 'colcon_pkg'
[1.198s] Level 1:colcon.colcon_core.package_identification:_identify(.) by extensions ['colcon_meta']
[1.198s] Level 1:colcon.colcon_core.package_identification:_identify(.) by extension 'colcon_meta'
[1.198s] Level 1:colcon.colcon_core.package_identification:_identify(.) by extensions ['ros']
[1.199s] Level 1:colcon.colcon_core.package_identification:_identify(.) by extension 'ros'
[1.302s] Level 1:colcon.colcon_core.package_identification:_identify(.) by extensions ['cmake', 'python']
[1.302s] Level 1:colcon.colcon_core.package_identification:_identify(.) by extension 'cmake'
[1.303s] Level 1:colcon.colcon_core.package_identification:_identify(.) by extension 'python'
[1.303s] Level 1:colcon.colcon_core.package_identification:_identify(.) by extensions ['python_setup_py']
[1.303s] Level 1:colcon.colcon_core.package_identification:_identify(.) by extension 'python_setup_py'
[1.304s] Level 1:colcon.colcon_core.package_identification:_identify(build) by extensions ['ignore', 'ignore_ament_install']
[1.304s] Level 1:colcon.colcon_core.package_identification:_identify(build) by extension 'ignore'
[1.304s] Level 1:colcon.colcon_core.package_identification:_identify(build) ignored
[1.305s] Level 1:colcon.colcon_core.package_identification:_identify(install) by extensions ['ignore', 'ignore_ament_install']
[1.305s] Level 1:colcon.colcon_core.package_identification:_identify(install) by extension 'ignore'
[1.305s] Level 1:colcon.colcon_core.package_identification:_identify(install) ignored
[1.306s] Level 1:colcon.colcon_core.package_identification:_identify(log) by extensions ['ignore', 'ignore_ament_install']
[1.306s] Level 1:colcon.colcon_core.package_identification:_identify(log) by extension 'ignore'
[1.306s] Level 1:colcon.colcon_core.package_identification:_identify(log) ignored
[1.307s] Level 1:colcon.colcon_core.package_identification:_identify(src) by extensions ['ignore', 'ignore_ament_install']
[1.307s] Level 1:colcon.colcon_core.package_identification:_identify(src) by extension 'ignore'
[1.308s] Level 1:colcon.colcon_core.package_identification:_identify(src) by extension 'ignore_ament_install'
[1.308s] Level 1:colcon.colcon_core.package_identification:_identify(src) by extensions ['colcon_pkg']
[1.308s] Level 1:colcon.colcon_core.package_identification:_identify(src) by extension 'colcon_pkg'
[1.308s] Level 1:colcon.colcon_core.package_identification:_identify(src) by extensions ['colcon_meta']
[1.308s] Level 1:colcon.colcon_core.package_identification:_identify(src) by extension 'colcon_meta'
[1.309s] Level 1:colcon.colcon_core.package_identification:_identify(src) by extensions ['ros']
[1.309s] Level 1:colcon.colcon_core.package_identification:_identify(src) by extension 'ros'
[1.309s] Level 1:colcon.colcon_core.package_identification:_identify(src) by extensions ['cmake', 'python']
[1.309s] Level 1:colcon.colcon_core.package_identification:_identify(src) by extension 'cmake'
[1.309s] Level 1:colcon.colcon_core.package_identification:_identify(src) by extension 'python'
[1.310s] Level 1:colcon.colcon_core.package_identification:_identify(src) by extensions ['python_setup_py']
[1.310s] Level 1:colcon.colcon_core.package_identification:_identify(src) by extension 'python_setup_py'
[1.310s] Level 1:colcon.colcon_core.package_identification:_identify(src/doa_publisher_py) by extensions ['ignore', 'ignore_ament_install']
[1.311s] Level 1:colcon.colcon_core.package_identification:_identify(src/doa_publisher_py) by extension 'ignore'
[1.311s] Level 1:colcon.colcon_core.package_identification:_identify(src/doa_publisher_py) by extension 'ignore_ament_install'
[1.311s] Level 1:colcon.colcon_core.package_identification:_identify(src/doa_publisher_py) by extensions ['colcon_pkg']
[1.311s] Level 1:colcon.colcon_core.package_identification:_identify(src/doa_publisher_py) by extension 'colcon_pkg'
[1.312s] Level 1:colcon.colcon_core.package_identification:_identify(src/doa_publisher_py) by extensions ['colcon_meta']
[1.312s] Level 1:colcon.colcon_core.package_identification:_identify(src/doa_publisher_py) by extension 'colcon_meta'
[1.312s] Level 1:colcon.colcon_core.package_identification:_identify(src/doa_publisher_py) by extensions ['ros']
[1.312s] Level 1:colcon.colcon_core.package_identification:_identify(src/doa_publisher_py) by extension 'ros'
[1.326s] DEBUG:colcon.colcon_core.package_identification:Package 'src/doa_publisher_py' with type 'ros.ament_python' and name 'doa_publisher_py'
[1.327s] Level 1:colcon.colcon_core.package_identification:_identify(src/ei_whistle_cpp) by extensions ['ignore', 'ignore_ament_install']
[1.327s] Level 1:colcon.colcon_core.package_identification:_identify(src/ei_whistle_cpp) by extension 'ignore'
[1.327s] Level 1:colcon.colcon_core.package_identification:_identify(src/ei_whistle_cpp) by extension 'ignore_ament_install'
[1.328s] Level 1:colcon.colcon_core.package_identification:_identify(src/ei_whistle_cpp) by extensions ['colcon_pkg']
[1.328s] Level 1:colcon.colcon_core.package_identification:_identify(src/ei_whistle_cpp) by extension 'colcon_pkg'
[1.328s] Level 1:colcon.colcon_core.package_identification:_identify(src/ei_whistle_cpp) by extensions ['colcon_meta']
[1.328s] Level 1:colcon.colcon_core.package_identification:_identify(src/ei_whistle_cpp) by extension 'colcon_meta'
[1.329s] Level 1:colcon.colcon_core.package_identification:_identify(src/ei_whistle_cpp) by extensions ['ros']
[1.329s] Level 1:colcon.colcon_core.package_identification:_identify(src/ei_whistle_cpp) by extension 'ros'
[1.332s] DEBUG:colcon.colcon_core.package_identification:Package 'src/ei_whistle_cpp' with type 'ros.catkin' and name 'ei_whistle_cpp'
[1.332s] Level 1:colcon.colcon_core.package_discovery:discover_packages(recursive) using defaults
[1.332s] Level 1:colcon.colcon_core.package_discovery:discover_packages(ignore) discover
[1.332s] Level 1:colcon.colcon_core.package_discovery:discover_packages(ignore) using defaults
[1.333s] Level 1:colcon.colcon_core.package_discovery:discover_packages(path) discover
[1.333s] Level 1:colcon.colcon_core.package_discovery:discover_packages(path) using defaults
[1.475s] INFO:colcon.colcon_core.package_selection:Skipping not selected package 'doa_publisher_py' in 'src/doa_publisher_py'
[1.478s] Level 1:colcon.colcon_core.package_discovery:discover_packages(prefix_path) check parameters
[1.479s] Level 1:colcon.colcon_core.package_discovery:discover_packages(prefix_path) discover
[1.489s] WARNING:colcon.colcon_ros.prefix_path.ament:The path '/home/dev/respeaker_deep_audio/install/ei_whistle_cpp' in the environment variable AMENT_PREFIX_PATH doesn't exist
[1.490s] WARNING:colcon.colcon_ros.prefix_path.catkin:The path '/home/dev/respeaker_deep_audio/install/ei_whistle_cpp' in the environment variable CMAKE_PREFIX_PATH doesn't exist
[1.497s] DEBUG:colcon.colcon_installed_package_information.package_discovery:Found 0 installed packages in /home/dev/respeaker_deep_audio/install
[1.509s] DEBUG:colcon.colcon_installed_package_information.package_discovery:Found 271 installed packages in /opt/ros/humble
[1.516s] Level 1:colcon.colcon_core.package_discovery:discover_packages(prefix_path) using defaults
[1.719s] Level 5:colcon.colcon_core.verb:set package 'ei_whistle_cpp' build argument 'cmake_args' from command line to 'None'
[1.719s] Level 5:colcon.colcon_core.verb:set package 'ei_whistle_cpp' build argument 'cmake_target' from command line to 'None'
[1.720s] Level 5:colcon.colcon_core.verb:set package 'ei_whistle_cpp' build argument 'cmake_target_skip_unavailable' from command line to 'False'
[1.720s] Level 5:colcon.colcon_core.verb:set package 'ei_whistle_cpp' build argument 'cmake_clean_cache' from command line to 'False'
[1.720s] Level 5:colcon.colcon_core.verb:set package 'ei_whistle_cpp' build argument 'cmake_clean_first' from command line to 'False'
[1.720s] Level 5:colcon.colcon_core.verb:set package 'ei_whistle_cpp' build argument 'cmake_force_configure' from command line to 'False'
[1.720s] Level 5:colcon.colcon_core.verb:set package 'ei_whistle_cpp' build argument 'ament_cmake_args' from command line to 'None'
[1.720s] Level 5:colcon.colcon_core.verb:set package 'ei_whistle_cpp' build argument 'catkin_cmake_args' from command line to 'None'
[1.720s] Level 5:colcon.colcon_core.verb:set package 'ei_whistle_cpp' build argument 'catkin_skip_building_tests' from command line to 'False'
[1.720s] DEBUG:colcon.colcon_core.verb:Building package 'ei_whistle_cpp' with the following arguments: {'ament_cmake_args': None, 'build_base': '/home/dev/respeaker_deep_audio/build/ei_whistle_cpp', 'catkin_cmake_args': None, 'catkin_skip_building_tests': False, 'cmake_args': None, 'cmake_clean_cache': False, 'cmake_clean_first': False, 'cmake_force_configure': False, 'cmake_target': None, 'cmake_target_skip_unavailable': False, 'install_base': '/home/dev/respeaker_deep_audio/install/ei_whistle_cpp', 'merge_install': False, 'path': '/home/dev/respeaker_deep_audio/src/ei_whistle_cpp', 'symlink_install': True, 'test_result_base': None}
[1.721s] INFO:colcon.colcon_core.executor:Executing jobs using 'parallel' executor
[1.725s] DEBUG:colcon.colcon_parallel_executor.executor.parallel:run_until_complete
[1.726s] INFO:colcon.colcon_ros.task.catkin.build:Building ROS package in '/home/dev/respeaker_deep_audio/src/ei_whistle_cpp' with build type 'catkin'
[1.726s] INFO:colcon.colcon_cmake.task.cmake.build:Building CMake package in '/home/dev/respeaker_deep_audio/src/ei_whistle_cpp'
[1.746s] INFO:colcon.colcon_core.plugin_system:Skipping extension 'colcon_core.shell.bat': Not used on non-Windows systems
[1.747s] INFO:colcon.colcon_core.shell:Skip shell extension 'powershell' for command environment: Not usable outside of PowerShell
[1.748s] DEBUG:colcon.colcon_core.shell:Skip shell extension 'dsv' for command environment
[1.788s] DEBUG:colcon.colcon_core.event_handler.log_command:Invoking command in '/home/dev/respeaker_deep_audio/build/ei_whistle_cpp': /usr/bin/cmake /home/dev/respeaker_deep_audio/src/ei_whistle_cpp -DCATKIN_INSTALL_INTO_PREFIX_ROOT=0 -DCATKIN_SYMLINK_INSTALL=ON -DCMAKE_INSTALL_PREFIX=/home/dev/respeaker_deep_audio/install/ei_whistle_cpp
[11.532s] DEBUG:colcon.colcon_core.event_handler.log_command:Invoked command in '/home/dev/respeaker_deep_audio/build/ei_whistle_cpp' returned '0': /usr/bin/cmake /home/dev/respeaker_deep_audio/src/ei_whistle_cpp -DCATKIN_INSTALL_INTO_PREFIX_ROOT=0 -DCATKIN_SYMLINK_INSTALL=ON -DCMAKE_INSTALL_PREFIX=/home/dev/respeaker_deep_audio/install/ei_whistle_cpp
[11.545s] DEBUG:colcon.colcon_core.event_handler.log_command:Invoking command in '/home/dev/respeaker_deep_audio/build/ei_whistle_cpp': /usr/bin/cmake --build /home/dev/respeaker_deep_audio/build/ei_whistle_cpp -- -j4 -l4
[483.475s] DEBUG:colcon.colcon_core.event_handler.log_command:Invoked command in '/home/dev/respeaker_deep_audio/build/ei_whistle_cpp' returned '0': /usr/bin/cmake --build /home/dev/respeaker_deep_audio/build/ei_whistle_cpp -- -j4 -l4
[483.557s] DEBUG:colcon.colcon_core.event_handler.log_command:Invoking command in '/home/dev/respeaker_deep_audio/build/ei_whistle_cpp': /usr/bin/cmake --install /home/dev/respeaker_deep_audio/build/ei_whistle_cpp
[483.701s] DEBUG:colcon.colcon_core.event_handler.log_command:Invoked command in '/home/dev/respeaker_deep_audio/build/ei_whistle_cpp' returned '0': /usr/bin/cmake --install /home/dev/respeaker_deep_audio/build/ei_whistle_cpp
[483.704s] Level 1:colcon.colcon_core.shell:create_environment_hook('ei_whistle_cpp', 'ros_package_path')
[483.713s] INFO:colcon.colcon_core.shell:Creating environment hook '/home/dev/respeaker_deep_audio/install/ei_whistle_cpp/share/ei_whistle_cpp/hook/ros_package_path.ps1'
[483.732s] INFO:colcon.colcon_core.shell:Creating environment descriptor '/home/dev/respeaker_deep_audio/install/ei_whistle_cpp/share/ei_whistle_cpp/hook/ros_package_path.dsv'
[483.743s] INFO:colcon.colcon_core.shell:Creating environment hook '/home/dev/respeaker_deep_audio/install/ei_whistle_cpp/share/ei_whistle_cpp/hook/ros_package_path.sh'
[483.751s] Level 1:colcon.colcon_core.shell:create_environment_hook('ei_whistle_cpp', 'pkg_config_path')
[483.753s] INFO:colcon.colcon_core.shell:Creating environment hook '/home/dev/respeaker_deep_audio/install/ei_whistle_cpp/share/ei_whistle_cpp/hook/pkg_config_path.ps1'
[483.757s] INFO:colcon.colcon_core.shell:Creating environment descriptor '/home/dev/respeaker_deep_audio/install/ei_whistle_cpp/share/ei_whistle_cpp/hook/pkg_config_path.dsv'
[483.759s] INFO:colcon.colcon_core.shell:Creating environment hook '/home/dev/respeaker_deep_audio/install/ei_whistle_cpp/share/ei_whistle_cpp/hook/pkg_config_path.sh'
[483.807s] Level 1:colcon.colcon_core.shell:create_environment_hook('ei_whistle_cpp', 'pkg_config_path_multiarch')
[483.809s] INFO:colcon.colcon_core.shell:Creating environment hook '/home/dev/respeaker_deep_audio/install/ei_whistle_cpp/share/ei_whistle_cpp/hook/pkg_config_path_multiarch.ps1'
[483.812s] INFO:colcon.colcon_core.shell:Creating environment descriptor '/home/dev/respeaker_deep_audio/install/ei_whistle_cpp/share/ei_whistle_cpp/hook/pkg_config_path_multiarch.dsv'
[483.815s] INFO:colcon.colcon_core.shell:Creating environment hook '/home/dev/respeaker_deep_audio/install/ei_whistle_cpp/share/ei_whistle_cpp/hook/pkg_config_path_multiarch.sh'
[483.822s] Level 1:colcon.colcon_core.environment:create_environment_scripts_only(ei_whistle_cpp)
[483.884s] Level 1:colcon.colcon_core.environment:checking '/home/dev/respeaker_deep_audio/install/ei_whistle_cpp' for CMake module files
[483.888s] Level 1:colcon.colcon_core.environment:checking '/home/dev/respeaker_deep_audio/install/ei_whistle_cpp' for CMake config files
[483.892s] Level 1:colcon.colcon_core.shell:create_environment_hook('ei_whistle_cpp', 'cmake_prefix_path')
[483.893s] INFO:colcon.colcon_core.shell:Creating environment hook '/home/dev/respeaker_deep_audio/install/ei_whistle_cpp/share/ei_whistle_cpp/hook/cmake_prefix_path.ps1'
[483.896s] INFO:colcon.colcon_core.shell:Creating environment descriptor '/home/dev/respeaker_deep_audio/install/ei_whistle_cpp/share/ei_whistle_cpp/hook/cmake_prefix_path.dsv'
[483.898s] INFO:colcon.colcon_core.shell:Creating environment hook '/home/dev/respeaker_deep_audio/install/ei_whistle_cpp/share/ei_whistle_cpp/hook/cmake_prefix_path.sh'
[483.903s] Level 1:colcon.colcon_core.environment:checking '/home/dev/respeaker_deep_audio/install/ei_whistle_cpp/lib'
[483.904s] Level 1:colcon.colcon_core.environment:checking '/home/dev/respeaker_deep_audio/install/ei_whistle_cpp/bin'
[483.905s] Level 1:colcon.colcon_core.environment:checking '/home/dev/respeaker_deep_audio/install/ei_whistle_cpp/lib/pkgconfig/ei_whistle_cpp.pc'
[483.908s] Level 1:colcon.colcon_core.environment:checking '/home/dev/respeaker_deep_audio/install/ei_whistle_cpp/lib/python3.10/site-packages'
[483.910s] Level 1:colcon.colcon_core.environment:checking '/home/dev/respeaker_deep_audio/install/ei_whistle_cpp/bin'
[483.913s] INFO:colcon.colcon_core.shell:Creating package script '/home/dev/respeaker_deep_audio/install/ei_whistle_cpp/share/ei_whistle_cpp/package.ps1'
[483.919s] INFO:colcon.colcon_core.shell:Creating package descriptor '/home/dev/respeaker_deep_audio/install/ei_whistle_cpp/share/ei_whistle_cpp/package.dsv'
[483.923s] INFO:colcon.colcon_core.shell:Creating package script '/home/dev/respeaker_deep_audio/install/ei_whistle_cpp/share/ei_whistle_cpp/package.sh'
[483.928s] INFO:colcon.colcon_core.shell:Creating package script '/home/dev/respeaker_deep_audio/install/ei_whistle_cpp/share/ei_whistle_cpp/package.bash'
[483.935s] INFO:colcon.colcon_core.shell:Creating package script '/home/dev/respeaker_deep_audio/install/ei_whistle_cpp/share/ei_whistle_cpp/package.zsh'
[483.941s] Level 1:colcon.colcon_core.environment:create_file_with_runtime_dependencies(/home/dev/respeaker_deep_audio/install/ei_whistle_cpp/share/colcon-core/packages/ei_whistle_cpp)
[483.949s] DEBUG:colcon.colcon_parallel_executor.executor.parallel:closing loop
[483.952s] DEBUG:colcon.colcon_parallel_executor.executor.parallel:loop closed
[483.953s] DEBUG:colcon.colcon_parallel_executor.executor.parallel:run_until_complete finished with '0'
[483.955s] DEBUG:colcon.colcon_core.event_reactor:joining thread
[484.030s] INFO:colcon.colcon_core.plugin_system:Skipping extension 'colcon_notification.desktop_notification.terminal_notifier': Not used on non-Darwin systems
[484.030s] INFO:colcon.colcon_core.plugin_system:Skipping extension 'colcon_notification.desktop_notification.win32': Not used on non-Windows systems
[484.031s] INFO:colcon.colcon_notification.desktop_notification:Sending desktop notification using 'notify2'
[484.138s] DEBUG:colcon.colcon_core.event_reactor:joined thread
[484.141s] INFO:colcon.colcon_core.shell:Creating prefix script '/home/dev/respeaker_deep_audio/install/local_setup.ps1'
[484.148s] INFO:colcon.colcon_core.shell:Creating prefix util module '/home/dev/respeaker_deep_audio/install/_local_setup_util_ps1.py'
[484.161s] INFO:colcon.colcon_core.shell:Creating prefix chain script '/home/dev/respeaker_deep_audio/install/setup.ps1'
[484.170s] INFO:colcon.colcon_core.shell:Creating prefix script '/home/dev/respeaker_deep_audio/install/local_setup.sh'
[484.176s] INFO:colcon.colcon_core.shell:Creating prefix util module '/home/dev/respeaker_deep_audio/install/_local_setup_util_sh.py'
[484.180s] INFO:colcon.colcon_core.shell:Creating prefix chain script '/home/dev/respeaker_deep_audio/install/setup.sh'
[484.188s] INFO:colcon.colcon_core.shell:Creating prefix script '/home/dev/respeaker_deep_audio/install/local_setup.bash'
[484.193s] INFO:colcon.colcon_core.shell:Creating prefix chain script '/home/dev/respeaker_deep_audio/install/setup.bash'
[484.201s] INFO:colcon.colcon_core.shell:Creating prefix script '/home/dev/respeaker_deep_audio/install/local_setup.zsh'
[484.206s] INFO:colcon.colcon_core.shell:Creating prefix chain script '/home/dev/respeaker_deep_audio/install/setup.zsh'
