[0.872s] DEBUG:colcon:Command line arguments: ['/usr/bin/colcon', 'build', '--packages-select', 'ei_whistle_cpp']
[0.873s] DEBUG:colcon:Parsed command line arguments: Namespace(log_base=None, log_level=None, verb_name='build', build_base='build', install_base='install', merge_install=False, symlink_install=False, test_result_base=None, continue_on_error=False, executor='parallel', parallel_workers=4, event_handlers=None, ignore_user_meta=False, metas=['./colcon.meta'], base_paths=['.'], packages_ignore=None, packages_ignore_regex=None, paths=None, packages_up_to=None, packages_up_to_regex=None, packages_above=None, packages_above_and_dependencies=None, packages_above_depth=None, packages_select_by_dep=None, packages_skip_by_dep=None, packages_skip_up_to=None, packages_select_build_failed=False, packages_skip_build_finished=False, packages_select_test_failures=False, packages_skip_test_passed=False, packages_select=['ei_whistle_cpp'], packages_skip=None, packages_select_regex=None, packages_skip_regex=None, packages_start=None, packages_end=None, allow_overriding=[], cmake_args=None, cmake_target=None, cmake_target_skip_unavailable=False, cmake_clean_cache=False, cmake_clean_first=False, cmake_force_configure=False, ament_cmake_args=None, catkin_cmake_args=None, catkin_skip_building_tests=False, mixin_files=None, mixin=None, verb_parser=<colcon_mixin.mixin.mixin_argument.MixinArgumentDecorator object at 0xffff8b366c80>, verb_extension=<colcon_core.verb.build.BuildVerb object at 0xffff8b5582b0>, main=<bound method BuildVerb.main of <colcon_core.verb.build.BuildVerb object at 0xffff8b5582b0>>, mixin_verb=('build',))
[1.195s] Level 1:colcon.colcon_core.package_discovery:discover_packages(colcon_meta) check parameters
[1.195s] Level 1:colcon.colcon_core.package_discovery:discover_packages(recursive) check parameters
[1.196s] Level 1:colcon.colcon_core.package_discovery:discover_packages(ignore) check parameters
[1.196s] Level 1:colcon.colcon_core.package_discovery:discover_packages(path) check parameters
[1.196s] Level 1:colcon.colcon_core.package_discovery:discover_packages(colcon_meta) discover
[1.196s] Level 1:colcon.colcon_core.package_discovery:discover_packages(recursive) discover
[1.197s] INFO:colcon.colcon_core.package_discovery:Crawling recursively for packages in '/home/dev/respeaker_deep_audio'
[1.197s] Level 1:colcon.colcon_core.package_identification:_identify(.) by extensions ['ignore', 'ignore_ament_install']
[1.198s] Level 1:colcon.colcon_core.package_identification:_identify(.) by extension 'ignore'
[1.198s] Level 1:colcon.colcon_core.package_identification:_identify(.) by extension 'ignore_ament_install'
[1.199s] Level 1:colcon.colcon_core.package_identification:_identify(.) by extensions ['colcon_pkg']
[1.199s] Level 1:colcon.colcon_core.package_identification:_identify(.) by extension 'colcon_pkg'
[1.199s] Level 1:colcon.colcon_core.package_identification:_identify(.) by extensions ['colcon_meta']
[1.199s] Level 1:colcon.colcon_core.package_identification:_identify(.) by extension 'colcon_meta'
[1.200s] Level 1:colcon.colcon_core.package_identification:_identify(.) by extensions ['ros']
[1.200s] Level 1:colcon.colcon_core.package_identification:_identify(.) by extension 'ros'
[1.311s] Level 1:colcon.colcon_core.package_identification:_identify(.) by extensions ['cmake', 'python']
[1.311s] Level 1:colcon.colcon_core.package_identification:_identify(.) by extension 'cmake'
[1.312s] Level 1:colcon.colcon_core.package_identification:_identify(.) by extension 'python'
[1.312s] Level 1:colcon.colcon_core.package_identification:_identify(.) by extensions ['python_setup_py']
[1.312s] Level 1:colcon.colcon_core.package_identification:_identify(.) by extension 'python_setup_py'
[1.313s] Level 1:colcon.colcon_core.package_identification:_identify(build) by extensions ['ignore', 'ignore_ament_install']
[1.313s] Level 1:colcon.colcon_core.package_identification:_identify(build) by extension 'ignore'
[1.313s] Level 1:colcon.colcon_core.package_identification:_identify(build) ignored
[1.314s] Level 1:colcon.colcon_core.package_identification:_identify(install) by extensions ['ignore', 'ignore_ament_install']
[1.315s] Level 1:colcon.colcon_core.package_identification:_identify(install) by extension 'ignore'
[1.315s] Level 1:colcon.colcon_core.package_identification:_identify(install) ignored
[1.316s] Level 1:colcon.colcon_core.package_identification:_identify(log) by extensions ['ignore', 'ignore_ament_install']
[1.317s] Level 1:colcon.colcon_core.package_identification:_identify(log) by extension 'ignore'
[1.317s] Level 1:colcon.colcon_core.package_identification:_identify(log) ignored
[1.317s] Level 1:colcon.colcon_core.package_identification:_identify(src) by extensions ['ignore', 'ignore_ament_install']
[1.318s] Level 1:colcon.colcon_core.package_identification:_identify(src) by extension 'ignore'
[1.318s] Level 1:colcon.colcon_core.package_identification:_identify(src) by extension 'ignore_ament_install'
[1.318s] Level 1:colcon.colcon_core.package_identification:_identify(src) by extensions ['colcon_pkg']
[1.319s] Level 1:colcon.colcon_core.package_identification:_identify(src) by extension 'colcon_pkg'
[1.319s] Level 1:colcon.colcon_core.package_identification:_identify(src) by extensions ['colcon_meta']
[1.319s] Level 1:colcon.colcon_core.package_identification:_identify(src) by extension 'colcon_meta'
[1.319s] Level 1:colcon.colcon_core.package_identification:_identify(src) by extensions ['ros']
[1.319s] Level 1:colcon.colcon_core.package_identification:_identify(src) by extension 'ros'
[1.320s] Level 1:colcon.colcon_core.package_identification:_identify(src) by extensions ['cmake', 'python']
[1.320s] Level 1:colcon.colcon_core.package_identification:_identify(src) by extension 'cmake'
[1.320s] Level 1:colcon.colcon_core.package_identification:_identify(src) by extension 'python'
[1.321s] Level 1:colcon.colcon_core.package_identification:_identify(src) by extensions ['python_setup_py']
[1.321s] Level 1:colcon.colcon_core.package_identification:_identify(src) by extension 'python_setup_py'
[1.322s] Level 1:colcon.colcon_core.package_identification:_identify(src/doa_publisher_py) by extensions ['ignore', 'ignore_ament_install']
[1.322s] Level 1:colcon.colcon_core.package_identification:_identify(src/doa_publisher_py) by extension 'ignore'
[1.322s] Level 1:colcon.colcon_core.package_identification:_identify(src/doa_publisher_py) by extension 'ignore_ament_install'
[1.323s] Level 1:colcon.colcon_core.package_identification:_identify(src/doa_publisher_py) by extensions ['colcon_pkg']
[1.323s] Level 1:colcon.colcon_core.package_identification:_identify(src/doa_publisher_py) by extension 'colcon_pkg'
[1.323s] Level 1:colcon.colcon_core.package_identification:_identify(src/doa_publisher_py) by extensions ['colcon_meta']
[1.323s] Level 1:colcon.colcon_core.package_identification:_identify(src/doa_publisher_py) by extension 'colcon_meta'
[1.324s] Level 1:colcon.colcon_core.package_identification:_identify(src/doa_publisher_py) by extensions ['ros']
[1.324s] Level 1:colcon.colcon_core.package_identification:_identify(src/doa_publisher_py) by extension 'ros'
[1.343s] DEBUG:colcon.colcon_core.package_identification:Package 'src/doa_publisher_py' with type 'ros.ament_python' and name 'doa_publisher_py'
[1.344s] Level 1:colcon.colcon_core.package_identification:_identify(src/ei_whistle_cpp) by extensions ['ignore', 'ignore_ament_install']
[1.345s] Level 1:colcon.colcon_core.package_identification:_identify(src/ei_whistle_cpp) by extension 'ignore'
[1.345s] Level 1:colcon.colcon_core.package_identification:_identify(src/ei_whistle_cpp) by extension 'ignore_ament_install'
[1.346s] Level 1:colcon.colcon_core.package_identification:_identify(src/ei_whistle_cpp) by extensions ['colcon_pkg']
[1.346s] Level 1:colcon.colcon_core.package_identification:_identify(src/ei_whistle_cpp) by extension 'colcon_pkg'
[1.346s] Level 1:colcon.colcon_core.package_identification:_identify(src/ei_whistle_cpp) by extensions ['colcon_meta']
[1.347s] Level 1:colcon.colcon_core.package_identification:_identify(src/ei_whistle_cpp) by extension 'colcon_meta'
[1.347s] Level 1:colcon.colcon_core.package_identification:_identify(src/ei_whistle_cpp) by extensions ['ros']
[1.347s] Level 1:colcon.colcon_core.package_identification:_identify(src/ei_whistle_cpp) by extension 'ros'
[1.350s] DEBUG:colcon.colcon_core.package_identification:Package 'src/ei_whistle_cpp' with type 'ros.catkin' and name 'ei_whistle_cpp'
[1.351s] Level 1:colcon.colcon_core.package_discovery:discover_packages(recursive) using defaults
[1.351s] Level 1:colcon.colcon_core.package_discovery:discover_packages(ignore) discover
[1.351s] Level 1:colcon.colcon_core.package_discovery:discover_packages(ignore) using defaults
[1.351s] Level 1:colcon.colcon_core.package_discovery:discover_packages(path) discover
[1.351s] Level 1:colcon.colcon_core.package_discovery:discover_packages(path) using defaults
[1.501s] INFO:colcon.colcon_core.package_selection:Skipping not selected package 'doa_publisher_py' in 'src/doa_publisher_py'
[1.505s] Level 1:colcon.colcon_core.package_discovery:discover_packages(prefix_path) check parameters
[1.505s] Level 1:colcon.colcon_core.package_discovery:discover_packages(prefix_path) discover
[1.521s] DEBUG:colcon.colcon_installed_package_information.package_discovery:Found 1 installed packages in /home/dev/respeaker_deep_audio/install
[1.534s] DEBUG:colcon.colcon_installed_package_information.package_discovery:Found 271 installed packages in /opt/ros/humble
[1.542s] Level 1:colcon.colcon_core.package_discovery:discover_packages(prefix_path) using defaults
[1.903s] Level 5:colcon.colcon_core.verb:set package 'ei_whistle_cpp' build argument 'cmake_args' from command line to 'None'
[1.903s] Level 5:colcon.colcon_core.verb:set package 'ei_whistle_cpp' build argument 'cmake_target' from command line to 'None'
[1.904s] Level 5:colcon.colcon_core.verb:set package 'ei_whistle_cpp' build argument 'cmake_target_skip_unavailable' from command line to 'False'
[1.904s] Level 5:colcon.colcon_core.verb:set package 'ei_whistle_cpp' build argument 'cmake_clean_cache' from command line to 'False'
[1.904s] Level 5:colcon.colcon_core.verb:set package 'ei_whistle_cpp' build argument 'cmake_clean_first' from command line to 'False'
[1.904s] Level 5:colcon.colcon_core.verb:set package 'ei_whistle_cpp' build argument 'cmake_force_configure' from command line to 'False'
[1.904s] Level 5:colcon.colcon_core.verb:set package 'ei_whistle_cpp' build argument 'ament_cmake_args' from command line to 'None'
[1.904s] Level 5:colcon.colcon_core.verb:set package 'ei_whistle_cpp' build argument 'catkin_cmake_args' from command line to 'None'
[1.904s] Level 5:colcon.colcon_core.verb:set package 'ei_whistle_cpp' build argument 'catkin_skip_building_tests' from command line to 'False'
[1.905s] DEBUG:colcon.colcon_core.verb:Building package 'ei_whistle_cpp' with the following arguments: {'ament_cmake_args': None, 'build_base': '/home/dev/respeaker_deep_audio/build/ei_whistle_cpp', 'catkin_cmake_args': None, 'catkin_skip_building_tests': False, 'cmake_args': None, 'cmake_clean_cache': False, 'cmake_clean_first': False, 'cmake_force_configure': False, 'cmake_target': None, 'cmake_target_skip_unavailable': False, 'install_base': '/home/dev/respeaker_deep_audio/install/ei_whistle_cpp', 'merge_install': False, 'path': '/home/dev/respeaker_deep_audio/src/ei_whistle_cpp', 'symlink_install': False, 'test_result_base': None}
[1.905s] INFO:colcon.colcon_core.executor:Executing jobs using 'parallel' executor
[1.909s] DEBUG:colcon.colcon_parallel_executor.executor.parallel:run_until_complete
[1.910s] INFO:colcon.colcon_ros.task.catkin.build:Building ROS package in '/home/dev/respeaker_deep_audio/src/ei_whistle_cpp' with build type 'catkin'
[1.910s] INFO:colcon.colcon_cmake.task.cmake.build:Building CMake package in '/home/dev/respeaker_deep_audio/src/ei_whistle_cpp'
[1.930s] INFO:colcon.colcon_core.plugin_system:Skipping extension 'colcon_core.shell.bat': Not used on non-Windows systems
[1.931s] INFO:colcon.colcon_core.shell:Skip shell extension 'powershell' for command environment: Not usable outside of PowerShell
[1.932s] DEBUG:colcon.colcon_core.shell:Skip shell extension 'dsv' for command environment
[1.981s] DEBUG:colcon.colcon_core.event_handler.log_command:Invoking command in '/home/dev/respeaker_deep_audio/build/ei_whistle_cpp': /usr/bin/cmake /home/dev/respeaker_deep_audio/src/ei_whistle_cpp -DCATKIN_INSTALL_INTO_PREFIX_ROOT=0 -DCMAKE_INSTALL_PREFIX=/home/dev/respeaker_deep_audio/install/ei_whistle_cpp
[5.903s] DEBUG:colcon.colcon_core.event_handler.log_command:Invoked command in '/home/dev/respeaker_deep_audio/build/ei_whistle_cpp' returned '0': /usr/bin/cmake /home/dev/respeaker_deep_audio/src/ei_whistle_cpp -DCATKIN_INSTALL_INTO_PREFIX_ROOT=0 -DCMAKE_INSTALL_PREFIX=/home/dev/respeaker_deep_audio/install/ei_whistle_cpp
[5.919s] DEBUG:colcon.colcon_core.event_handler.log_command:Invoking command in '/home/dev/respeaker_deep_audio/build/ei_whistle_cpp': /usr/bin/cmake --build /home/dev/respeaker_deep_audio/build/ei_whistle_cpp -- -j4 -l4
[403.548s] DEBUG:colcon.colcon_core.event_handler.log_command:Invoked command in '/home/dev/respeaker_deep_audio/build/ei_whistle_cpp' returned '0': /usr/bin/cmake --build /home/dev/respeaker_deep_audio/build/ei_whistle_cpp -- -j4 -l4
[403.611s] DEBUG:colcon.colcon_core.event_handler.log_command:Invoking command in '/home/dev/respeaker_deep_audio/build/ei_whistle_cpp': /usr/bin/cmake --install /home/dev/respeaker_deep_audio/build/ei_whistle_cpp
[403.759s] DEBUG:colcon.colcon_core.event_handler.log_command:Invoked command in '/home/dev/respeaker_deep_audio/build/ei_whistle_cpp' returned '0': /usr/bin/cmake --install /home/dev/respeaker_deep_audio/build/ei_whistle_cpp
[403.761s] Level 1:colcon.colcon_core.shell:create_environment_hook('ei_whistle_cpp', 'ros_package_path')
[403.763s] INFO:colcon.colcon_core.shell:Creating environment hook '/home/dev/respeaker_deep_audio/install/ei_whistle_cpp/share/ei_whistle_cpp/hook/ros_package_path.ps1'
[403.773s] INFO:colcon.colcon_core.shell:Creating environment descriptor '/home/dev/respeaker_deep_audio/install/ei_whistle_cpp/share/ei_whistle_cpp/hook/ros_package_path.dsv'
[403.779s] INFO:colcon.colcon_core.shell:Creating environment hook '/home/dev/respeaker_deep_audio/install/ei_whistle_cpp/share/ei_whistle_cpp/hook/ros_package_path.sh'
[403.786s] Level 1:colcon.colcon_core.shell:create_environment_hook('ei_whistle_cpp', 'pkg_config_path')
[403.787s] INFO:colcon.colcon_core.shell:Creating environment hook '/home/dev/respeaker_deep_audio/install/ei_whistle_cpp/share/ei_whistle_cpp/hook/pkg_config_path.ps1'
[403.790s] INFO:colcon.colcon_core.shell:Creating environment descriptor '/home/dev/respeaker_deep_audio/install/ei_whistle_cpp/share/ei_whistle_cpp/hook/pkg_config_path.dsv'
[403.792s] INFO:colcon.colcon_core.shell:Creating environment hook '/home/dev/respeaker_deep_audio/install/ei_whistle_cpp/share/ei_whistle_cpp/hook/pkg_config_path.sh'
[403.838s] Level 1:colcon.colcon_core.shell:create_environment_hook('ei_whistle_cpp', 'pkg_config_path_multiarch')
[403.840s] INFO:colcon.colcon_core.shell:Creating environment hook '/home/dev/respeaker_deep_audio/install/ei_whistle_cpp/share/ei_whistle_cpp/hook/pkg_config_path_multiarch.ps1'
[403.843s] INFO:colcon.colcon_core.shell:Creating environment descriptor '/home/dev/respeaker_deep_audio/install/ei_whistle_cpp/share/ei_whistle_cpp/hook/pkg_config_path_multiarch.dsv'
[403.847s] INFO:colcon.colcon_core.shell:Creating environment hook '/home/dev/respeaker_deep_audio/install/ei_whistle_cpp/share/ei_whistle_cpp/hook/pkg_config_path_multiarch.sh'
[403.855s] Level 1:colcon.colcon_core.environment:create_environment_scripts_only(ei_whistle_cpp)
[403.901s] Level 1:colcon.colcon_core.environment:checking '/home/dev/respeaker_deep_audio/install/ei_whistle_cpp' for CMake module files
[403.906s] Level 1:colcon.colcon_core.environment:checking '/home/dev/respeaker_deep_audio/install/ei_whistle_cpp' for CMake config files
[403.909s] Level 1:colcon.colcon_core.shell:create_environment_hook('ei_whistle_cpp', 'cmake_prefix_path')
[403.911s] INFO:colcon.colcon_core.shell:Creating environment hook '/home/dev/respeaker_deep_audio/install/ei_whistle_cpp/share/ei_whistle_cpp/hook/cmake_prefix_path.ps1'
[403.913s] INFO:colcon.colcon_core.shell:Creating environment descriptor '/home/dev/respeaker_deep_audio/install/ei_whistle_cpp/share/ei_whistle_cpp/hook/cmake_prefix_path.dsv'
[403.915s] INFO:colcon.colcon_core.shell:Creating environment hook '/home/dev/respeaker_deep_audio/install/ei_whistle_cpp/share/ei_whistle_cpp/hook/cmake_prefix_path.sh'
[403.919s] Level 1:colcon.colcon_core.environment:checking '/home/dev/respeaker_deep_audio/install/ei_whistle_cpp/lib'
[403.920s] Level 1:colcon.colcon_core.environment:checking '/home/dev/respeaker_deep_audio/install/ei_whistle_cpp/bin'
[403.921s] Level 1:colcon.colcon_core.environment:checking '/home/dev/respeaker_deep_audio/install/ei_whistle_cpp/lib/pkgconfig/ei_whistle_cpp.pc'
[403.922s] Level 1:colcon.colcon_core.environment:checking '/home/dev/respeaker_deep_audio/install/ei_whistle_cpp/lib/python3.10/site-packages'
[403.924s] Level 1:colcon.colcon_core.environment:checking '/home/dev/respeaker_deep_audio/install/ei_whistle_cpp/bin'
[403.926s] INFO:colcon.colcon_core.shell:Creating package script '/home/dev/respeaker_deep_audio/install/ei_whistle_cpp/share/ei_whistle_cpp/package.ps1'
[403.932s] INFO:colcon.colcon_core.shell:Creating package descriptor '/home/dev/respeaker_deep_audio/install/ei_whistle_cpp/share/ei_whistle_cpp/package.dsv'
[403.937s] INFO:colcon.colcon_core.shell:Creating package script '/home/dev/respeaker_deep_audio/install/ei_whistle_cpp/share/ei_whistle_cpp/package.sh'
[403.944s] INFO:colcon.colcon_core.shell:Creating package script '/home/dev/respeaker_deep_audio/install/ei_whistle_cpp/share/ei_whistle_cpp/package.bash'
[403.951s] INFO:colcon.colcon_core.shell:Creating package script '/home/dev/respeaker_deep_audio/install/ei_whistle_cpp/share/ei_whistle_cpp/package.zsh'
[403.959s] Level 1:colcon.colcon_core.environment:create_file_with_runtime_dependencies(/home/dev/respeaker_deep_audio/install/ei_whistle_cpp/share/colcon-core/packages/ei_whistle_cpp)
[403.964s] DEBUG:colcon.colcon_parallel_executor.executor.parallel:closing loop
[403.966s] DEBUG:colcon.colcon_parallel_executor.executor.parallel:loop closed
[403.966s] DEBUG:colcon.colcon_parallel_executor.executor.parallel:run_until_complete finished with '0'
[403.966s] DEBUG:colcon.colcon_core.event_reactor:joining thread
[404.028s] INFO:colcon.colcon_core.plugin_system:Skipping extension 'colcon_notification.desktop_notification.terminal_notifier': Not used on non-Darwin systems
[404.029s] INFO:colcon.colcon_core.plugin_system:Skipping extension 'colcon_notification.desktop_notification.win32': Not used on non-Windows systems
[404.029s] INFO:colcon.colcon_notification.desktop_notification:Sending desktop notification using 'notify2'
[404.155s] DEBUG:colcon.colcon_core.event_reactor:joined thread
[404.157s] INFO:colcon.colcon_core.shell:Creating prefix script '/home/dev/respeaker_deep_audio/install/local_setup.ps1'
[404.163s] INFO:colcon.colcon_core.shell:Creating prefix util module '/home/dev/respeaker_deep_audio/install/_local_setup_util_ps1.py'
[404.176s] INFO:colcon.colcon_core.shell:Creating prefix chain script '/home/dev/respeaker_deep_audio/install/setup.ps1'
[404.186s] INFO:colcon.colcon_core.shell:Creating prefix script '/home/dev/respeaker_deep_audio/install/local_setup.sh'
[404.193s] INFO:colcon.colcon_core.shell:Creating prefix util module '/home/dev/respeaker_deep_audio/install/_local_setup_util_sh.py'
[404.198s] INFO:colcon.colcon_core.shell:Creating prefix chain script '/home/dev/respeaker_deep_audio/install/setup.sh'
[404.219s] INFO:colcon.colcon_core.shell:Creating prefix script '/home/dev/respeaker_deep_audio/install/local_setup.bash'
[404.224s] INFO:colcon.colcon_core.shell:Creating prefix chain script '/home/dev/respeaker_deep_audio/install/setup.bash'
[404.232s] INFO:colcon.colcon_core.shell:Creating prefix script '/home/dev/respeaker_deep_audio/install/local_setup.zsh'
[404.237s] INFO:colcon.colcon_core.shell:Creating prefix chain script '/home/dev/respeaker_deep_audio/install/setup.zsh'
